Archive member included to satisfy reference by file (symbol)

C:/MaximSDK/Libraries/PeriphDrivers/bin/MAX78000/spi-v1_softfp/libPeriphDriver_spi-v1_softfp.a(mxc_delay.o)
                              c:/MaximSDK/Examples/MAX78000/I2C_Sensor/build/max31889_driver.o (MXC_Delay)
C:/MaximSDK/Libraries/PeriphDrivers/bin/MAX78000/spi-v1_softfp/libPeriphDriver_spi-v1_softfp.a(nvic_table.o)
                              c:/MaximSDK/Examples/MAX78000/I2C_Sensor/build/camera.o (MXC_NVIC_SetVector)
C:/MaximSDK/Libraries/PeriphDrivers/bin/MAX78000/spi-v1_softfp/libPeriphDriver_spi-v1_softfp.a(pins_ai85.o)
                              c:/MaximSDK/Examples/MAX78000/I2C_Sensor/build/camera.o (gpio_cfg_pcif_xclk)
C:/MaximSDK/Libraries/PeriphDrivers/bin/MAX78000/spi-v1_softfp/libPeriphDriver_spi-v1_softfp.a(sys_ai85.o)
                              c:/MaximSDK/Examples/MAX78000/I2C_Sensor/build/board.o (MXC_SYS_ClockEnable)
C:/MaximSDK/Libraries/PeriphDrivers/bin/MAX78000/spi-v1_softfp/libPeriphDriver_spi-v1_softfp.a(aes_me17.o)
                              C:/MaximSDK/Libraries/PeriphDrivers/bin/MAX78000/spi-v1_softfp/libPeriphDriver_spi-v1_softfp.a(sys_ai85.o) (MXC_AES_Init)
C:/MaximSDK/Libraries/PeriphDrivers/bin/MAX78000/spi-v1_softfp/libPeriphDriver_spi-v1_softfp.a(aes_revb.o)
                              C:/MaximSDK/Libraries/PeriphDrivers/bin/MAX78000/spi-v1_softfp/libPeriphDriver_spi-v1_softfp.a(aes_me17.o) (MXC_AES_RevB_Init)
C:/MaximSDK/Libraries/PeriphDrivers/bin/MAX78000/spi-v1_softfp/libPeriphDriver_spi-v1_softfp.a(cameraif_ai85.o)
                              c:/MaximSDK/Examples/MAX78000/I2C_Sensor/build/camera.o (MXC_PCIF_Init)
C:/MaximSDK/Libraries/PeriphDrivers/bin/MAX78000/spi-v1_softfp/libPeriphDriver_spi-v1_softfp.a(cameraif_reva.o)
                              C:/MaximSDK/Libraries/PeriphDrivers/bin/MAX78000/spi-v1_softfp/libPeriphDriver_spi-v1_softfp.a(cameraif_ai85.o) (MXC_PCIF_RevA_SetDatawidth)
C:/MaximSDK/Libraries/PeriphDrivers/bin/MAX78000/spi-v1_softfp/libPeriphDriver_spi-v1_softfp.a(dma_me17.o)
                              C:/MaximSDK/Libraries/PeriphDrivers/bin/MAX78000/spi-v1_softfp/libPeriphDriver_spi-v1_softfp.a(aes_revb.o) (MXC_DMA_Init)
C:/MaximSDK/Libraries/PeriphDrivers/bin/MAX78000/spi-v1_softfp/libPeriphDriver_spi-v1_softfp.a(dma_reva.o)
                              C:/MaximSDK/Libraries/PeriphDrivers/bin/MAX78000/spi-v1_softfp/libPeriphDriver_spi-v1_softfp.a(dma_me17.o) (MXC_DMA_RevA_Init)
C:/MaximSDK/Libraries/PeriphDrivers/bin/MAX78000/spi-v1_softfp/libPeriphDriver_spi-v1_softfp.a(flc_me17.o)
                              C:/MaximSDK/Libraries/PeriphDrivers/bin/MAX78000/spi-v1_softfp/libPeriphDriver_spi-v1_softfp.a(sys_ai85.o) (MXC_FLC_UnlockInfoBlock)
C:/MaximSDK/Libraries/PeriphDrivers/bin/MAX78000/spi-v1_softfp/libPeriphDriver_spi-v1_softfp.a(flc_reva.o)
                              C:/MaximSDK/Libraries/PeriphDrivers/bin/MAX78000/spi-v1_softfp/libPeriphDriver_spi-v1_softfp.a(flc_me17.o) (MXC_FLC_RevA_Busy)
C:/MaximSDK/Libraries/PeriphDrivers/bin/MAX78000/spi-v1_softfp/libPeriphDriver_spi-v1_softfp.a(gpio_ai85.o)
                              c:/MaximSDK/Examples/MAX78000/I2C_Sensor/build/main.o (MXC_GPIO_Config)
C:/MaximSDK/Libraries/PeriphDrivers/bin/MAX78000/spi-v1_softfp/libPeriphDriver_spi-v1_softfp.a(gpio_reva.o)
                              C:/MaximSDK/Libraries/PeriphDrivers/bin/MAX78000/spi-v1_softfp/libPeriphDriver_spi-v1_softfp.a(gpio_ai85.o) (MXC_GPIO_RevA_InGet)
C:/MaximSDK/Libraries/PeriphDrivers/bin/MAX78000/spi-v1_softfp/libPeriphDriver_spi-v1_softfp.a(i2c_me17.o)
                              c:/MaximSDK/Examples/MAX78000/I2C_Sensor/build/main.o (MXC_I2C_Init)
C:/MaximSDK/Libraries/PeriphDrivers/bin/MAX78000/spi-v1_softfp/libPeriphDriver_spi-v1_softfp.a(i2c_reva.o)
                              C:/MaximSDK/Libraries/PeriphDrivers/bin/MAX78000/spi-v1_softfp/libPeriphDriver_spi-v1_softfp.a(i2c_me17.o) (MXC_I2C_RevA_DMACallback)
C:/MaximSDK/Libraries/PeriphDrivers/bin/MAX78000/spi-v1_softfp/libPeriphDriver_spi-v1_softfp.a(icc_me17.o)
                              c:/MaximSDK/Examples/MAX78000/I2C_Sensor/build/system_max78000.o (MXC_ICC_Enable)
C:/MaximSDK/Libraries/PeriphDrivers/bin/MAX78000/spi-v1_softfp/libPeriphDriver_spi-v1_softfp.a(icc_reva.o)
                              C:/MaximSDK/Libraries/PeriphDrivers/bin/MAX78000/spi-v1_softfp/libPeriphDriver_spi-v1_softfp.a(icc_me17.o) (MXC_ICC_RevA_ID)
C:/MaximSDK/Libraries/PeriphDrivers/bin/MAX78000/spi-v1_softfp/libPeriphDriver_spi-v1_softfp.a(pt_ai85.o)
                              c:/MaximSDK/Examples/MAX78000/I2C_Sensor/build/camera.o (MXC_PT_Init)
C:/MaximSDK/Libraries/PeriphDrivers/bin/MAX78000/spi-v1_softfp/libPeriphDriver_spi-v1_softfp.a(pt_reva.o)
                              C:/MaximSDK/Libraries/PeriphDrivers/bin/MAX78000/spi-v1_softfp/libPeriphDriver_spi-v1_softfp.a(pt_ai85.o) (MXC_PT_RevA_Init)
[...]
Memory Configuration

Name             Origin             Length             Attributes
ROM              0x00000000         0x00010000         xr
FLASH            0x10000000         0x00080000         xr
SRAM             0x20000000         0x00020000         xrw
*default*        0x00000000         0xffffffff

Linker script and memory map

LOAD c:/maximsdk/tools/gnutools/10.3/bin/../lib/gcc/arm-none-eabi/10.3.1/thumb/v7e-m+fp/softfp/crti.o
LOAD c:/maximsdk/tools/gnutools/10.3/bin/../lib/gcc/arm-none-eabi/10.3.1/thumb/v7e-m+fp/softfp/crtbegin.o
LOAD c:/maximsdk/tools/gnutools/10.3/bin/../lib/gcc/arm-none-eabi/10.3.1/../../../../arm-none-eabi/lib/thumb/v7e-m+fp/softfp/crt0.o
LOAD c:/MaximSDK/Examples/MAX78000/I2C_Sensor/build/max31889_driver.o
LOAD c:/MaximSDK/Examples/MAX78000/I2C_Sensor/build/adt7320_driver.o
LOAD c:/MaximSDK/Examples/MAX78000/I2C_Sensor/build/adxl345.o
LOAD c:/MaximSDK/Examples/MAX78000/I2C_Sensor/build/main.o
LOAD c:/MaximSDK/Examples/MAX78000/I2C_Sensor/build/SparkFun_Bio_Sensor_Hub.o
LOAD c:/MaximSDK/Examples/MAX78000/I2C_Sensor/build/board.o
LOAD c:/MaximSDK/Examples/MAX78000/I2C_Sensor/build/stdio.o
LOAD c:/MaximSDK/Examples/MAX78000/I2C_Sensor/build/led.o
LOAD c:/MaximSDK/Examples/MAX78000/I2C_Sensor/build/pb.o
LOAD c:/MaximSDK/Examples/MAX78000/I2C_Sensor/build/tft_ssd2119.o
LOAD c:/MaximSDK/Examples/MAX78000/I2C_Sensor/build/tsc2046.o
LOAD c:/MaximSDK/Examples/MAX78000/I2C_Sensor/build/camera.o
LOAD c:/MaximSDK/Examples/MAX78000/I2C_Sensor/build/ov7692.o
LOAD c:/MaximSDK/Examples/MAX78000/I2C_Sensor/build/sccb.o
LOAD c:/MaximSDK/Examples/MAX78000/I2C_Sensor/build/startup_max78000.o
LOAD c:/MaximSDK/Examples/MAX78000/I2C_Sensor/build/heap.o
LOAD c:/MaximSDK/Examples/MAX78000/I2C_Sensor/build/system_max78000.o
START GROUP
LOAD C:/MaximSDK/Libraries/PeriphDrivers/bin/MAX78000/spi-v1_softfp/libPeriphDriver_spi-v1_softfp.a
LOAD c:/maximsdk/tools/gnutools/10.3/bin/../lib/gcc/arm-none-eabi/10.3.1/../../../../arm-none-eabi/lib/thumb/v7e-m+fp/softfp\libc.a
LOAD c:/maximsdk/tools/gnutools/10.3/bin/../lib/gcc/arm-none-eabi/10.3.1/../../../../arm-none-eabi/lib/thumb/v7e-m+fp/softfp\libm.a
LOAD c:/maximsdk/tools/gnutools/10.3/bin/../lib/gcc/arm-none-eabi/10.3.1/../../../../arm-none-eabi/lib/thumb/v7e-m+fp/softfp\libnosys.a
END GROUP
START GROUP
LOAD c:/maximsdk/tools/gnutools/10.3/bin/../lib/gcc/arm-none-eabi/10.3.1/thumb/v7e-m+fp/softfp\libgcc.a
LOAD c:/maximsdk/tools/gnutools/10.3/bin/../lib/gcc/arm-none-eabi/10.3.1/../../../../arm-none-eabi/lib/thumb/v7e-m+fp/softfp\libc.a
END GROUP
LOAD c:/maximsdk/tools/gnutools/10.3/bin/../lib/gcc/arm-none-eabi/10.3.1/thumb/v7e-m+fp/softfp/crtend.o
LOAD c:/maximsdk/tools/gnutools/10.3/bin/../lib/gcc/arm-none-eabi/10.3.1/thumb/v7e-m+fp/softfp/crtn.o

.rom
 *(.rom_vector)
 *(.rom_handlers*)

.text           0x10000000     0x9e14
                0x10000000                _text = .
 *(.isr_vector)
 .isr_vector    0x10000000      0x1e0 c:/MaximSDK/Examples/MAX78000/I2C_Sensor/build/startup_max78000.o
                0x10000000                __isr_vector
 EXCLUDE_FILE(*riscv.o) *(.text*)
 .text          0x100001e0       0x40 c:/maximsdk/tools/gnutools/10.3/bin/../lib/gcc/arm-none-eabi/10.3.1/thumb/v7e-m+fp/softfp/crtbegin.o
 .text.startup.main
                0x10000220      0x154 c:/MaximSDK/Examples/MAX78000/I2C_Sensor/build/main.o
                0x10000220                main
 .text._writeByte
                0x10000374       0x64 c:/MaximSDK/Examples/MAX78000/I2C_Sensor/build/SparkFun_Bio_Sensor_Hub.o
 .text._readByte
                0x100003d8       0x60 c:/MaximSDK/Examples/MAX78000/I2C_Sensor/build/SparkFun_Bio_Sensor_Hub.o
 .text._readByteWithWrite
                0x10000438       0x68 c:/MaximSDK/Examples/MAX78000/I2C_Sensor/build/SparkFun_Bio_Sensor_Hub.o
 .text._readFillArray
                0x100004a0       0xa0 c:/MaximSDK/Examples/MAX78000/I2C_Sensor/build/SparkFun_Bio_Sensor_Hub.o
 .text.SFE_Bio_Begin
                0x10000540       0xb8 c:/MaximSDK/Examples/MAX78000/I2C_Sensor/build/SparkFun_Bio_Sensor_Hub.o
                0x10000540                SFE_Bio_Begin
 .text.SFE_Bio_ConfigBpm
                0x100005f8      0x1c4 c:/MaximSDK/Examples/MAX78000/I2C_Sensor/build/SparkFun_Bio_Sensor_Hub.o
                0x100005f8                SFE_Bio_ConfigBpm
 .text.SFE_Bio_ReadBpm
                0x100007bc       0xf0 c:/MaximSDK/Examples/MAX78000/I2C_Sensor/build/SparkFun_Bio_Sensor_Hub.o
                0x100007bc                SFE_Bio_ReadBpm
 .text.mxc_assert
                0x100008ac       0x10 c:/MaximSDK/Examples/MAX78000/I2C_Sensor/build/board.o
                0x100008ac                mxc_assert
 .text.GPIO2_IRQHandler
                0x100008bc        0x8 c:/MaximSDK/Examples/MAX78000/I2C_Sensor/build/board.o
                0x100008bc                GPIO2_IRQHandler
 .text.GPIO0_IRQHandler
                0x100008c4        0x8 c:/MaximSDK/Examples/MAX78000/I2C_Sensor/build/board.o
                0x100008c4                GPIO0_IRQHandler
 .text.Board_Init
                0x100008cc       0xec c:/MaximSDK/Examples/MAX78000/I2C_Sensor/build/board.o
                0x100008cc                Board_Init
 .text.NMI_Handler
                0x100009b8        0x4 c:/MaximSDK/Examples/MAX78000/I2C_Sensor/build/board.o
                0x100009b8                NMI_Handler
 .text._close   0x100009bc        0x8 c:/MaximSDK/Examples/MAX78000/I2C_Sensor/build/stdio.o
                0x100009bc                _close
 .text._isatty  0x100009c4        0x8 c:/MaximSDK/Examples/MAX78000/I2C_Sensor/build/stdio.o
                0x100009c4                _isatty
 .text._lseek   0x100009cc        0x8 c:/MaximSDK/Examples/MAX78000/I2C_Sensor/build/stdio.o
                0x100009cc                _lseek
 .text._fstat   0x100009d4        0x8 c:/MaximSDK/Examples/MAX78000/I2C_Sensor/build/stdio.o
                0x100009d4                _fstat
 .text._read    0x100009dc       0x50 c:/MaximSDK/Examples/MAX78000/I2C_Sensor/build/stdio.o
                0x100009dc                _read
 .text._write   0x10000a2c       0x54 c:/MaximSDK/Examples/MAX78000/I2C_Sensor/build/stdio.o
                0x10000a2c                _write
 .text.LED_Init
                0x10000a80       0x40 c:/MaximSDK/Examples/MAX78000/I2C_Sensor/build/led.o
                0x10000a80                LED_Init
 .text.PB_Init  0x10000ac0       0x68 c:/MaximSDK/Examples/MAX78000/I2C_Sensor/build/pb.o
                0x10000ac0                PB_Init
 .text.MXC_TFT_PreInit
                0x10000b28       0x78 c:/MaximSDK/Examples/MAX78000/I2C_Sensor/build/tft_ssd2119.o
                0x10000b28                MXC_TFT_PreInit
 .text.MXC_TS_PreInit
                0x10000ba0       0x44 c:/MaximSDK/Examples/MAX78000/I2C_Sensor/build/tsc2046.o
                0x10000ba0                MXC_TS_PreInit
 .text          0x10000be4      0x148 c:/MaximSDK/Examples/MAX78000/I2C_Sensor/build/startup_max78000.o
                0x10000be4                Reset_Handler
                0x10000c22                HardFault_Handler
                0x10000c24                MemManage_Handler
                0x10000c26                BusFault_Handler
                0x10000c28                UsageFault_Handler
                0x10000c2a                SVC_Handler
                0x10000c2c                DebugMon_Handler
                0x10000c2e                PendSV_Handler
                0x10000c30                SysTick_Handler
                0x10000c32                Default_Handler
                0x10000c34                PF_IRQHandler
                0x10000c36                WDT0_IRQHandler
                0x10000c38                RSV02_IRQHandler
                0x10000c3a                RTC_IRQHandler
                0x10000c3c                TRNG_IRQHandler
                0x10000c3e                TMR0_IRQHandler
                0x10000c40                TMR1_IRQHandler
                0x10000c42                TMR2_IRQHandler
                0x10000c44                TMR3_IRQHandler
                0x10000c46                TMR4_IRQHandler
                0x10000c48                TMR5_IRQHandler
                0x10000c4a                RSV11_IRQHandler
                0x10000c4c                RSV12_IRQHandler
                0x10000c4e                I2C0_IRQHandler
                0x10000c50                UART0_IRQHandler
                0x10000c52                UART1_IRQHandler
                0x10000c54                SPI1_IRQHandler
                0x10000c56                RSV17_IRQHandler
                0x10000c58                RSV18_IRQHandler
                0x10000c5a                RSV19_IRQHandler
                0x10000c5c                ADC_IRQHandler
                0x10000c5e                RSV21_IRQHandler
                0x10000c60                RSV22_IRQHandler
                0x10000c62                FLC0_IRQHandler
                0x10000c66                GPIO1_IRQHandler
                0x10000c6a                RSV27_IRQHandler
                0x10000c6c                DMA0_IRQHandler
                0x10000c6e                DMA1_IRQHandler
                0x10000c70                DMA2_IRQHandler
                0x10000c72                DMA3_IRQHandler
                0x10000c74                RSV32_IRQHandler
                0x10000c76                RSV33_IRQHandler
                0x10000c78                UART2_IRQHandler
                0x10000c7a                RSV35_IRQHandler
                0x10000c7c                I2C1_IRQHandler
                0x10000c7e                RSV37_IRQHandler
                0x10000c80                RSV38_IRQHandler
                0x10000c82                RSV39_IRQHandler
                0x10000c84                RSV40_IRQHandler
                0x10000c86                RSV41_IRQHandler
                0x10000c88                RSV42_IRQHandler
                0x10000c8a                RSV43_IRQHandler
                0x10000c8c                RSV44_IRQHandler
                0x10000c8e                RSV45_IRQHandler
                0x10000c90                RSV46_IRQHandler
                0x10000c92                RSV47_IRQHandler
                0x10000c94                RSV48_IRQHandler
                0x10000c96                RSV49_IRQHandler
                0x10000c98                RSV50_IRQHandler
                0x10000c9a                RSV51_IRQHandler
                0x10000c9c                RSV52_IRQHandler
                0x10000c9e                WUT_IRQHandler
                0x10000ca0                GPIOWAKE_IRQHandler
                0x10000ca2                RSV55_IRQHandler
                0x10000ca4                SPI0_IRQHandler
                0x10000ca6                WDT1_IRQHandler
                0x10000ca8                RSV58_IRQHandler
                0x10000caa                PT_IRQHandler
                0x10000cac                RSV60_IRQHandler
                0x10000cae                RSV61_IRQHandler
                0x10000cb0                I2C2_IRQHandler
                0x10000cb2                RISCV_IRQHandler
                0x10000cb4                RSV64_IRQHandler
                0x10000cb6                RSV65_IRQHandler
                0x10000cb8                RSV66_IRQHandler
                0x10000cba                OWM_IRQHandler
                0x10000cbc                RSV68_IRQHandler
                0x10000cbe                RSV69_IRQHandler
                0x10000cc0                RSV70_IRQHandler
                0x10000cc2                RSV71_IRQHandler
                0x10000cc4                RSV72_IRQHandler
                0x10000cc6                RSV73_IRQHandler
                0x10000cc8                RSV74_IRQHandler
                0x10000cca                RSV75_IRQHandler
                0x10000ccc                RSV76_IRQHandler
                0x10000cce                RSV77_IRQHandler
                0x10000cd0                RSV78_IRQHandler
                0x10000cd2                RSV79_IRQHandler
                0x10000cd4                RSV80_IRQHandler
                0x10000cd6                RSV81_IRQHandler
                0x10000cd8                ECC_IRQHandler
                0x10000cda                DVS_IRQHandler
                0x10000cdc                SIMO_IRQHandler
                0x10000cde                RSV85_IRQHandler
                0x10000ce0                RSV86_IRQHandler
                0x10000ce2                RSV87_IRQHandler
                0x10000ce4                UART3_IRQHandler
                0x10000ce6                RSV89_IRQHandler
                0x10000ce8                RSV90_IRQHandler
                0x10000cea                PCIF_IRQHandler
                0x10000cec                RSV92_IRQHandler
                0x10000cee                RSV93_IRQHandler
                0x10000cf0                RSV94_IRQHandler
                0x10000cf2                RSV95_IRQHandler
                0x10000cf4                RSV96_IRQHandler
                0x10000cf6                AES_IRQHandler
                0x10000cf8                RSV98_IRQHandler
                0x10000cfa                I2S_IRQHandler
                0x10000cfc                CNN_FIFO_IRQHandler
                0x10000cfe                CNN_IRQHandler
                0x10000d00                RSV102_IRQHandler
                0x10000d02                LPCMP_IRQHandler
 .text._sbrk    0x10000d2c       0x3c c:/MaximSDK/Examples/MAX78000/I2C_Sensor/build/heap.o
                0x10000d2c                _sbrk
 .text._getpid  0x10000d68        0x8 c:/MaximSDK/Examples/MAX78000/I2C_Sensor/build/system_max78000.o
                0x10000d68                _getpid
 .text._kill    0x10000d70        0x8 c:/MaximSDK/Examples/MAX78000/I2C_Sensor/build/system_max78000.o
                0x10000d70                _kill
 .text.SystemCoreClockUpdate
                0x10000d78       0x68 c:/MaximSDK/Examples/MAX78000/I2C_Sensor/build/system_max78000.o
                0x10000d78                SystemCoreClockUpdate
 .text.PreInit  0x10000de0        0x4 c:/MaximSDK/Examples/MAX78000/I2C_Sensor/build/system_max78000.o
                0x10000de0                PreInit
 .text.PinInit  0x10000de4        0x4 c:/MaximSDK/Examples/MAX78000/I2C_Sensor/build/system_max78000.o
                0x10000de4                PinInit
 .text.SystemInit
                0x10000de8       0x3c c:/MaximSDK/Examples/MAX78000/I2C_Sensor/build/system_max78000.o
                0x10000de8                SystemInit
 .text.MXC_DelayInit
                0x10000e24       0x7c C:/MaximSDK/Libraries/PeriphDrivers/bin/MAX78000/spi-v1_softfp/libPeriphDriver_spi-v1_softfp.a(mxc_delay.o)
 .text.MXC_DelayAsync
                0x10000ea0       0x3c C:/MaximSDK/Libraries/PeriphDrivers/bin/MAX78000/spi-v1_softfp/libPeriphDriver_spi-v1_softfp.a(mxc_delay.o)
                0x10000ea0                MXC_DelayAsync
 .text.MXC_DelayCheck
                0x10000edc       0x70 C:/MaximSDK/Libraries/PeriphDrivers/bin/MAX78000/spi-v1_softfp/libPeriphDriver_spi-v1_softfp.a(mxc_delay.o)
                0x10000edc                MXC_DelayCheck
 .text.MXC_DelayAbort
                0x10000f4c       0x34 C:/MaximSDK/Libraries/PeriphDrivers/bin/MAX78000/spi-v1_softfp/libPeriphDriver_spi-v1_softfp.a(mxc_delay.o)
                0x10000f4c                MXC_DelayAbort
 .text.MXC_Delay
                0x10000f80       0x74 C:/MaximSDK/Libraries/PeriphDrivers/bin/MAX78000/spi-v1_softfp/libPeriphDriver_spi-v1_softfp.a(mxc_delay.o)
                0x10000f80                MXC_Delay
 .text.MXC_SYS_ClockDisable
                0x10000ff4       0x44 C:/MaximSDK/Libraries/PeriphDrivers/bin/MAX78000/spi-v1_softfp/libPeriphDriver_spi-v1_softfp.a(sys_ai85.o)
                0x10000ff4                MXC_SYS_ClockDisable
 .text.MXC_SYS_ClockEnable
                0x10001038       0x4c C:/MaximSDK/Libraries/PeriphDrivers/bin/MAX78000/spi-v1_softfp/libPeriphDriver_spi-v1_softfp.a(sys_ai85.o)
                0x10001038                MXC_SYS_ClockEnable
 .text.MXC_SYS_ClockSourceEnable
                0x10001084       0xf4 C:/MaximSDK/Libraries/PeriphDrivers/bin/MAX78000/spi-v1_softfp/libPeriphDriver_spi-v1_softfp.a(sys_ai85.o)
                0x10001084                MXC_SYS_ClockSourceEnable
 .text.MXC_SYS_Reset_Periph
                0x10001178       0x50 C:/MaximSDK/Libraries/PeriphDrivers/bin/MAX78000/spi-v1_softfp/libPeriphDriver_spi-v1_softfp.a(sys_ai85.o)
                0x10001178                MXC_SYS_Reset_Periph
 .text.MXC_DMA_DeInit
                0x100011c8        0xc C:/MaximSDK/Libraries/PeriphDrivers/bin/MAX78000/spi-v1_softfp/libPeriphDriver_spi-v1_softfp.a(dma_me17.o)
                0x100011c8                MXC_DMA_DeInit
 .text.MXC_DMA_ReleaseChannel
                0x100011d4        0x4 C:/MaximSDK/Libraries/PeriphDrivers/bin/MAX78000/spi-v1_softfp/libPeriphDriver_spi-v1_softfp.a(dma_me17.o)
                0x100011d4                MXC_DMA_ReleaseChannel
 .text.MXC_DMA_RevA_DeInit
                0x100011d8       0x3c C:/MaximSDK/Libraries/PeriphDrivers/bin/MAX78000/spi-v1_softfp/libPeriphDriver_spi-v1_softfp.a(dma_reva.o)
                0x100011d8                MXC_DMA_RevA_DeInit
 .text.MXC_DMA_RevA_ReleaseChannel
                0x10001214       0x48 C:/MaximSDK/Libraries/PeriphDrivers/bin/MAX78000/spi-v1_softfp/libPeriphDriver_spi-v1_softfp.a(dma_reva.o)
                0x10001214                MXC_DMA_RevA_ReleaseChannel
 .text.MXC_GPIO_Init
                0x1000125c       0x40 C:/MaximSDK/Libraries/PeriphDrivers/bin/MAX78000/spi-v1_softfp/libPeriphDriver_spi-v1_softfp.a(gpio_ai85.o)
                0x1000125c                MXC_GPIO_Init
 .text.MXC_GPIO_Config
                0x1000129c      0x234 C:/MaximSDK/Libraries/PeriphDrivers/bin/MAX78000/spi-v1_softfp/libPeriphDriver_spi-v1_softfp.a(gpio_ai85.o)
                0x1000129c                MXC_GPIO_Config
 .text.MXC_GPIO_OutSet
                0x100014d0       0x30 C:/MaximSDK/Libraries/PeriphDrivers/bin/MAX78000/spi-v1_softfp/libPeriphDriver_spi-v1_softfp.a(gpio_ai85.o)
                0x100014d0                MXC_GPIO_OutSet
 .text.MXC_GPIO_OutClr
                0x10001500       0x34 C:/MaximSDK/Libraries/PeriphDrivers/bin/MAX78000/spi-v1_softfp/libPeriphDriver_spi-v1_softfp.a(gpio_ai85.o)
                0x10001500                MXC_GPIO_OutClr
 .text.MXC_GPIO_Handler
                0x10001534        0x4 C:/MaximSDK/Libraries/PeriphDrivers/bin/MAX78000/spi-v1_softfp/libPeriphDriver_spi-v1_softfp.a(gpio_ai85.o)
                0x10001534                MXC_GPIO_Handler
 .text.MXC_GPIO_ClearFlags
                0x10001538       0x18 C:/MaximSDK/Libraries/PeriphDrivers/bin/MAX78000/spi-v1_softfp/libPeriphDriver_spi-v1_softfp.a(gpio_ai85.o)
                0x10001538                MXC_GPIO_ClearFlags
 .text.MXC_GPIO_GetFlags
                0x10001550       0x18 C:/MaximSDK/Libraries/PeriphDrivers/bin/MAX78000/spi-v1_softfp/libPeriphDriver_spi-v1_softfp.a(gpio_ai85.o)
                0x10001550                MXC_GPIO_GetFlags
 .text.MXC_GPIO_GetConfigLock
                0x10001568        0x4 C:/MaximSDK/Libraries/PeriphDrivers/bin/MAX78000/spi-v1_softfp/libPeriphDriver_spi-v1_softfp.a(gpio_ai85.o)
                0x10001568                MXC_GPIO_GetConfigLock
 .text.MXC_GPIO_RevA_OutSet
                0x1000156c        0x4 C:/MaximSDK/Libraries/PeriphDrivers/bin/MAX78000/spi-v1_softfp/libPeriphDriver_spi-v1_softfp.a(gpio_reva.o)
                0x1000156c                MXC_GPIO_RevA_OutSet
 .text.MXC_GPIO_RevA_OutClr
                0x10001570        0x4 C:/MaximSDK/Libraries/PeriphDrivers/bin/MAX78000/spi-v1_softfp/libPeriphDriver_spi-v1_softfp.a(gpio_reva.o)
                0x10001570                MXC_GPIO_RevA_OutClr
 .text.MXC_GPIO_RevA_ClearFlags
                0x10001574        0x4 C:/MaximSDK/Libraries/PeriphDrivers/bin/MAX78000/spi-v1_softfp/libPeriphDriver_spi-v1_softfp.a(gpio_reva.o)
                0x10001574                MXC_GPIO_RevA_ClearFlags
 .text.MXC_GPIO_RevA_GetFlags
                0x10001578        0x4 C:/MaximSDK/Libraries/PeriphDrivers/bin/MAX78000/spi-v1_softfp/libPeriphDriver_spi-v1_softfp.a(gpio_reva.o)
                0x10001578                MXC_GPIO_RevA_GetFlags
 .text.MXC_GPIO_RevA_SetVSSEL
                0x1000157c       0x40 C:/MaximSDK/Libraries/PeriphDrivers/bin/MAX78000/spi-v1_softfp/libPeriphDriver_spi-v1_softfp.a(gpio_reva.o)
                0x1000157c                MXC_GPIO_RevA_SetVSSEL
 .text.MXC_GPIO_RevA_SetAF
                0x100015bc       0x7c C:/MaximSDK/Libraries/PeriphDrivers/bin/MAX78000/spi-v1_softfp/libPeriphDriver_spi-v1_softfp.a(gpio_reva.o)
                0x100015bc                MXC_GPIO_RevA_SetAF
 .text.MXC_GPIO_RevA_SetDriveStrength
                0x10001638       0xa0 C:/MaximSDK/Libraries/PeriphDrivers/bin/MAX78000/spi-v1_softfp/libPeriphDriver_spi-v1_softfp.a(gpio_reva.o)
                0x10001638                MXC_GPIO_RevA_SetDriveStrength
 .text.MXC_I2C_SetSlaveAddr
                0x100016d8        0xc C:/MaximSDK/Libraries/PeriphDrivers/bin/MAX78000/spi-v1_softfp/libPeriphDriver_spi-v1_softfp.a(i2c_me17.o)
                0x100016d8                MXC_I2C_SetSlaveAddr
 .text.MXC_I2C_Shutdown
                0x100016e4       0x6c C:/MaximSDK/Libraries/PeriphDrivers/bin/MAX78000/spi-v1_softfp/libPeriphDriver_spi-v1_softfp.a(i2c_me17.o)
                0x100016e4                MXC_I2C_Shutdown
 .text.MXC_I2C_Init
                0x10001750       0x94 C:/MaximSDK/Libraries/PeriphDrivers/bin/MAX78000/spi-v1_softfp/libPeriphDriver_spi-v1_softfp.a(i2c_me17.o)
                0x10001750                MXC_I2C_Init
 .text.MXC_I2C_SetFrequency
                0x100017e4        0x4 C:/MaximSDK/Libraries/PeriphDrivers/bin/MAX78000/spi-v1_softfp/libPeriphDriver_spi-v1_softfp.a(i2c_me17.o)
                0x100017e4                MXC_I2C_SetFrequency
 .text.MXC_I2C_GetFrequency
                0x100017e8        0x4 C:/MaximSDK/Libraries/PeriphDrivers/bin/MAX78000/spi-v1_softfp/libPeriphDriver_spi-v1_softfp.a(i2c_me17.o)
                0x100017e8                MXC_I2C_GetFrequency
 .text.MXC_I2C_Start
                0x100017ec        0x4 C:/MaximSDK/Libraries/PeriphDrivers/bin/MAX78000/spi-v1_softfp/libPeriphDriver_spi-v1_softfp.a(i2c_me17.o)
                0x100017ec                MXC_I2C_Start
 .text.MXC_I2C_Stop
                0x100017f0        0x4 C:/MaximSDK/Libraries/PeriphDrivers/bin/MAX78000/spi-v1_softfp/libPeriphDriver_spi-v1_softfp.a(i2c_me17.o)
                0x100017f0                MXC_I2C_Stop
 .text.MXC_I2C_ReadRXFIFO
                0x100017f4        0x4 C:/MaximSDK/Libraries/PeriphDrivers/bin/MAX78000/spi-v1_softfp/libPeriphDriver_spi-v1_softfp.a(i2c_me17.o)
                0x100017f4                MXC_I2C_ReadRXFIFO
 .text.MXC_I2C_WriteTXFIFO
                0x100017f8        0x4 C:/MaximSDK/Libraries/PeriphDrivers/bin/MAX78000/spi-v1_softfp/libPeriphDriver_spi-v1_softfp.a(i2c_me17.o)
                0x100017f8                MXC_I2C_WriteTXFIFO
 .text.MXC_I2C_ClearRXFIFO
                0x100017fc        0x4 C:/MaximSDK/Libraries/PeriphDrivers/bin/MAX78000/spi-v1_softfp/libPeriphDriver_spi-v1_softfp.a(i2c_me17.o)
                0x100017fc                MXC_I2C_ClearRXFIFO
 .text.MXC_I2C_ClearTXFIFO
                0x10001800        0x4 C:/MaximSDK/Libraries/PeriphDrivers/bin/MAX78000/spi-v1_softfp/libPeriphDriver_spi-v1_softfp.a(i2c_me17.o)
                0x10001800                MXC_I2C_ClearTXFIFO
 .text.MXC_I2C_ClearFlags
                0x10001804        0x4 C:/MaximSDK/Libraries/PeriphDrivers/bin/MAX78000/spi-v1_softfp/libPeriphDriver_spi-v1_softfp.a(i2c_me17.o)
                0x10001804                MXC_I2C_ClearFlags
 .text.MXC_I2C_Recover
                0x10001808        0x4 C:/MaximSDK/Libraries/PeriphDrivers/bin/MAX78000/spi-v1_softfp/libPeriphDriver_spi-v1_softfp.a(i2c_me17.o)
                0x10001808                MXC_I2C_Recover
 .text.MXC_I2C_MasterTransaction
                0x1000180c        0x4 C:/MaximSDK/Libraries/PeriphDrivers/bin/MAX78000/spi-v1_softfp/libPeriphDriver_spi-v1_softfp.a(i2c_me17.o)
                0x1000180c                MXC_I2C_MasterTransaction
 .text.MXC_I2C_SetRXThreshold
                0x10001810        0x4 C:/MaximSDK/Libraries/PeriphDrivers/bin/MAX78000/spi-v1_softfp/libPeriphDriver_spi-v1_softfp.a(i2c_me17.o)
                0x10001810                MXC_I2C_SetRXThreshold
 .text.MXC_I2C_SetTXThreshold
                0x10001814        0x4 C:/MaximSDK/Libraries/PeriphDrivers/bin/MAX78000/spi-v1_softfp/libPeriphDriver_spi-v1_softfp.a(i2c_me17.o)
                0x10001814                MXC_I2C_SetTXThreshold
 .text.MXC_I2C_RevA_Init
                0x10001818      0x104 C:/MaximSDK/Libraries/PeriphDrivers/bin/MAX78000/spi-v1_softfp/libPeriphDriver_spi-v1_softfp.a(i2c_reva.o)
                0x10001818                MXC_I2C_RevA_Init
 .text.MXC_I2C_RevA_SetSlaveAddr
                0x1000191c       0x3c C:/MaximSDK/Libraries/PeriphDrivers/bin/MAX78000/spi-v1_softfp/libPeriphDriver_spi-v1_softfp.a(i2c_reva.o)
                0x1000191c                MXC_I2C_RevA_SetSlaveAddr
 .text.MXC_I2C_RevA_Shutdown
                0x10001958       0xac C:/MaximSDK/Libraries/PeriphDrivers/bin/MAX78000/spi-v1_softfp/libPeriphDriver_spi-v1_softfp.a(i2c_reva.o)
                0x10001958                MXC_I2C_RevA_Shutdown
 .text.MXC_I2C_RevA_SetFrequency
                0x10001a04       0xc0 C:/MaximSDK/Libraries/PeriphDrivers/bin/MAX78000/spi-v1_softfp/libPeriphDriver_spi-v1_softfp.a(i2c_reva.o)
                0x10001a04                MXC_I2C_RevA_SetFrequency
 .text.MXC_I2C_RevA_GetFrequency
                0x10001ac4       0x38 C:/MaximSDK/Libraries/PeriphDrivers/bin/MAX78000/spi-v1_softfp/libPeriphDriver_spi-v1_softfp.a(i2c_reva.o)
                0x10001ac4                MXC_I2C_RevA_GetFrequency
 .text.MXC_I2C_RevA_Start
                0x10001afc       0x24 C:/MaximSDK/Libraries/PeriphDrivers/bin/MAX78000/spi-v1_softfp/libPeriphDriver_spi-v1_softfp.a(i2c_reva.o)
                0x10001afc                MXC_I2C_RevA_Start
 .text.MXC_I2C_RevA_Stop
                0x10001b20       0x1c C:/MaximSDK/Libraries/PeriphDrivers/bin/MAX78000/spi-v1_softfp/libPeriphDriver_spi-v1_softfp.a(i2c_reva.o)
                0x10001b20                MXC_I2C_RevA_Stop
 .text.MXC_I2C_RevA_ReadRXFIFO
                0x10001b3c       0x30 C:/MaximSDK/Libraries/PeriphDrivers/bin/MAX78000/spi-v1_softfp/libPeriphDriver_spi-v1_softfp.a(i2c_reva.o)
                0x10001b3c                MXC_I2C_RevA_ReadRXFIFO
 .text.MXC_I2C_RevA_WriteTXFIFO
                0x10001b6c       0x30 C:/MaximSDK/Libraries/PeriphDrivers/bin/MAX78000/spi-v1_softfp/libPeriphDriver_spi-v1_softfp.a(i2c_reva.o)
                0x10001b6c                MXC_I2C_RevA_WriteTXFIFO
 .text.MXC_I2C_RevA_ClearRXFIFO
                0x10001b9c       0x10 C:/MaximSDK/Libraries/PeriphDrivers/bin/MAX78000/spi-v1_softfp/libPeriphDriver_spi-v1_softfp.a(i2c_reva.o)
                0x10001b9c                MXC_I2C_RevA_ClearRXFIFO
 .text.MXC_I2C_RevA_ClearTXFIFO
                0x10001bac       0x10 C:/MaximSDK/Libraries/PeriphDrivers/bin/MAX78000/spi-v1_softfp/libPeriphDriver_spi-v1_softfp.a(i2c_reva.o)
                0x10001bac                MXC_I2C_RevA_ClearTXFIFO
 .text.MXC_I2C_RevA_ClearFlags
                0x10001bbc        0x8 C:/MaximSDK/Libraries/PeriphDrivers/bin/MAX78000/spi-v1_softfp/libPeriphDriver_spi-v1_softfp.a(i2c_reva.o)
                0x10001bbc                MXC_I2C_RevA_ClearFlags
 .text.MXC_I2C_RevA_Recover
                0x10001bc4       0xd8 C:/MaximSDK/Libraries/PeriphDrivers/bin/MAX78000/spi-v1_softfp/libPeriphDriver_spi-v1_softfp.a(i2c_reva.o)
                0x10001bc4                MXC_I2C_RevA_Recover
 .text.MXC_I2C_RevA_MasterTransaction
                0x10001c9c      0x1bc C:/MaximSDK/Libraries/PeriphDrivers/bin/MAX78000/spi-v1_softfp/libPeriphDriver_spi-v1_softfp.a(i2c_reva.o)
                0x10001c9c                MXC_I2C_RevA_MasterTransaction
 .text.MXC_I2C_RevA_SetRXThreshold
                0x10001e58       0x20 C:/MaximSDK/Libraries/PeriphDrivers/bin/MAX78000/spi-v1_softfp/libPeriphDriver_spi-v1_softfp.a(i2c_reva.o)
                0x10001e58                MXC_I2C_RevA_SetRXThreshold
 .text.MXC_I2C_RevA_SetTXThreshold
                0x10001e78       0x24 C:/MaximSDK/Libraries/PeriphDrivers/bin/MAX78000/spi-v1_softfp/libPeriphDriver_spi-v1_softfp.a(i2c_reva.o)
                0x10001e78                MXC_I2C_RevA_SetTXThreshold
 .text.MXC_ICC_Enable
                0x10001e9c        0x4 C:/MaximSDK/Libraries/PeriphDrivers/bin/MAX78000/spi-v1_softfp/libPeriphDriver_spi-v1_softfp.a(icc_me17.o)
                0x10001e9c                MXC_ICC_Enable
 .text.MXC_ICC_RevA_Enable
                0x10001ea0       0x30 C:/MaximSDK/Libraries/PeriphDrivers/bin/MAX78000/spi-v1_softfp/libPeriphDriver_spi-v1_softfp.a(icc_reva.o)
                0x10001ea0                MXC_ICC_RevA_Enable
 .text.MXC_UART_Shutdown
                0x10001ed0       0x70 C:/MaximSDK/Libraries/PeriphDrivers/bin/MAX78000/spi-v1_softfp/libPeriphDriver_spi-v1_softfp.a(uart_ai85.o)
                0x10001ed0                MXC_UART_Shutdown
 .text.MXC_UART_SetFrequency
                0x10001f40       0x90 C:/MaximSDK/Libraries/PeriphDrivers/bin/MAX78000/spi-v1_softfp/libPeriphDriver_spi-v1_softfp.a(uart_ai85.o)
                0x10001f40                MXC_UART_SetFrequency
 .text.MXC_UART_SetDataSize
                0x10001fd0        0x4 C:/MaximSDK/Libraries/PeriphDrivers/bin/MAX78000/spi-v1_softfp/libPeriphDriver_spi-v1_softfp.a(uart_ai85.o)
                0x10001fd0                MXC_UART_SetDataSize
 .text.MXC_UART_SetStopBits
                0x10001fd4        0x4 C:/MaximSDK/Libraries/PeriphDrivers/bin/MAX78000/spi-v1_softfp/libPeriphDriver_spi-v1_softfp.a(uart_ai85.o)
                0x10001fd4                MXC_UART_SetStopBits
 .text.MXC_UART_SetParity
                0x10001fd8        0x4 C:/MaximSDK/Libraries/PeriphDrivers/bin/MAX78000/spi-v1_softfp/libPeriphDriver_spi-v1_softfp.a(uart_ai85.o)
                0x10001fd8                MXC_UART_SetParity
 .text.MXC_UART_SetClockSource
                0x10001fdc       0x60 C:/MaximSDK/Libraries/PeriphDrivers/bin/MAX78000/spi-v1_softfp/libPeriphDriver_spi-v1_softfp.a(uart_ai85.o)
                0x10001fdc                MXC_UART_SetClockSource
 .text.MXC_UART_GetClockSource
                0x1000203c       0x4c C:/MaximSDK/Libraries/PeriphDrivers/bin/MAX78000/spi-v1_softfp/libPeriphDriver_spi-v1_softfp.a(uart_ai85.o)
                0x1000203c                MXC_UART_GetClockSource
 .text.MXC_UART_Init
                0x10002088       0xa0 C:/MaximSDK/Libraries/PeriphDrivers/bin/MAX78000/spi-v1_softfp/libPeriphDriver_spi-v1_softfp.a(uart_ai85.o)
                0x10002088                MXC_UART_Init
 .text.MXC_UART_ReadCharacterRaw
                0x10002128        0x4 C:/MaximSDK/Libraries/PeriphDrivers/bin/MAX78000/spi-v1_softfp/libPeriphDriver_spi-v1_softfp.a(uart_ai85.o)
                0x10002128                MXC_UART_ReadCharacterRaw
 .text.MXC_UART_WriteCharacterRaw
                0x1000212c        0x4 C:/MaximSDK/Libraries/PeriphDrivers/bin/MAX78000/spi-v1_softfp/libPeriphDriver_spi-v1_softfp.a(uart_ai85.o)
                0x1000212c                MXC_UART_WriteCharacterRaw
 .text.MXC_UART_ReadCharacter
                0x10002130        0x4 C:/MaximSDK/Libraries/PeriphDrivers/bin/MAX78000/spi-v1_softfp/libPeriphDriver_spi-v1_softfp.a(uart_ai85.o)
                0x10002130                MXC_UART_ReadCharacter
 .text.MXC_UART_WriteCharacter
                0x10002134        0x4 C:/MaximSDK/Libraries/PeriphDrivers/bin/MAX78000/spi-v1_softfp/libPeriphDriver_spi-v1_softfp.a(uart_ai85.o)
                0x10002134                MXC_UART_WriteCharacter
 .text.MXC_UART_GetRXFIFOAvailable
                0x10002138        0x4 C:/MaximSDK/Libraries/PeriphDrivers/bin/MAX78000/spi-v1_softfp/libPeriphDriver_spi-v1_softfp.a(uart_ai85.o)
                0x10002138                MXC_UART_GetRXFIFOAvailable
 .text.MXC_UART_GetTXFIFOAvailable
                0x1000213c        0x4 C:/MaximSDK/Libraries/PeriphDrivers/bin/MAX78000/spi-v1_softfp/libPeriphDriver_spi-v1_softfp.a(uart_ai85.o)
                0x1000213c                MXC_UART_GetTXFIFOAvailable
 .text.MXC_UART_SetRXThreshold
                0x10002140        0x4 C:/MaximSDK/Libraries/PeriphDrivers/bin/MAX78000/spi-v1_softfp/libPeriphDriver_spi-v1_softfp.a(uart_ai85.o)
                0x10002140                MXC_UART_SetRXThreshold
 .text.MXC_UART_Common_ReadCharacter
                0x10002144       0x18 C:/MaximSDK/Libraries/PeriphDrivers/bin/MAX78000/spi-v1_softfp/libPeriphDriver_spi-v1_softfp.a(uart_common.o)
                0x10002144                MXC_UART_Common_ReadCharacter
 .text.MXC_UART_Common_WriteCharacter
                0x1000215c       0x1c C:/MaximSDK/Libraries/PeriphDrivers/bin/MAX78000/spi-v1_softfp/libPeriphDriver_spi-v1_softfp.a(uart_common.o)
                0x1000215c                MXC_UART_Common_WriteCharacter
 .text.MXC_UART_RevB_Init
                0x10002178       0xe0 C:/MaximSDK/Libraries/PeriphDrivers/bin/MAX78000/spi-v1_softfp/libPeriphDriver_spi-v1_softfp.a(uart_revb.o)
                0x10002178                MXC_UART_RevB_Init
 .text.MXC_UART_RevB_SetFrequency
                0x10002258       0x1c C:/MaximSDK/Libraries/PeriphDrivers/bin/MAX78000/spi-v1_softfp/libPeriphDriver_spi-v1_softfp.a(uart_revb.o)
                0x10002258                MXC_UART_RevB_SetFrequency
 .text.MXC_UART_RevB_SetDataSize
                0x10002274       0x20 C:/MaximSDK/Libraries/PeriphDrivers/bin/MAX78000/spi-v1_softfp/libPeriphDriver_spi-v1_softfp.a(uart_revb.o)
                0x10002274                MXC_UART_RevB_SetDataSize
 .text.MXC_UART_RevB_SetStopBits
                0x10002294       0x28 C:/MaximSDK/Libraries/PeriphDrivers/bin/MAX78000/spi-v1_softfp/libPeriphDriver_spi-v1_softfp.a(uart_revb.o)
                0x10002294                MXC_UART_RevB_SetStopBits
 .text.MXC_UART_RevB_SetParity
                0x100022bc       0x94 C:/MaximSDK/Libraries/PeriphDrivers/bin/MAX78000/spi-v1_softfp/libPeriphDriver_spi-v1_softfp.a(uart_revb.o)
                0x100022bc                MXC_UART_RevB_SetParity
 .text.MXC_UART_RevB_SetClockSource
                0x10002350       0xa8 C:/MaximSDK/Libraries/PeriphDrivers/bin/MAX78000/spi-v1_softfp/libPeriphDriver_spi-v1_softfp.a(uart_revb.o)
                0x10002350                MXC_UART_RevB_SetClockSource
 .text.MXC_UART_RevB_GetClockSource
                0x100023f8        0x8 C:/MaximSDK/Libraries/PeriphDrivers/bin/MAX78000/spi-v1_softfp/libPeriphDriver_spi-v1_softfp.a(uart_revb.o)
                0x100023f8                MXC_UART_RevB_GetClockSource
 .text.MXC_UART_RevB_ReadCharacterRaw
                0x10002400       0x10 C:/MaximSDK/Libraries/PeriphDrivers/bin/MAX78000/spi-v1_softfp/libPeriphDriver_spi-v1_softfp.a(uart_revb.o)
                0x10002400                MXC_UART_RevB_ReadCharacterRaw
 .text.MXC_UART_RevB_WriteCharacterRaw
                0x10002410       0x14 C:/MaximSDK/Libraries/PeriphDrivers/bin/MAX78000/spi-v1_softfp/libPeriphDriver_spi-v1_softfp.a(uart_revb.o)
                0x10002410                MXC_UART_RevB_WriteCharacterRaw
 .text.MXC_UART_RevB_GetRXFIFOAvailable
                0x10002424        0x8 C:/MaximSDK/Libraries/PeriphDrivers/bin/MAX78000/spi-v1_softfp/libPeriphDriver_spi-v1_softfp.a(uart_revb.o)
                0x10002424                MXC_UART_RevB_GetRXFIFOAvailable
 .text.MXC_UART_RevB_GetTXFIFOAvailable
                0x1000242c        0xc C:/MaximSDK/Libraries/PeriphDrivers/bin/MAX78000/spi-v1_softfp/libPeriphDriver_spi-v1_softfp.a(uart_revb.o)
                0x1000242c                MXC_UART_RevB_GetTXFIFOAvailable
 .text.MXC_UART_RevB_SetRXThreshold
                0x10002438       0x1c C:/MaximSDK/Libraries/PeriphDrivers/bin/MAX78000/spi-v1_softfp/libPeriphDriver_spi-v1_softfp.a(uart_revb.o)
                0x10002438                MXC_UART_RevB_SetRXThreshold
 .text.MXC_GetLock
                0x10002454       0x1c C:/MaximSDK/Libraries/PeriphDrivers/bin/MAX78000/spi-v1_softfp/libPeriphDriver_spi-v1_softfp.a(mxc_lock.o)
                0x10002454                MXC_GetLock
 .text.MXC_FreeLock
                0x10002470        0xc C:/MaximSDK/Libraries/PeriphDrivers/bin/MAX78000/spi-v1_softfp/libPeriphDriver_spi-v1_softfp.a(mxc_lock.o)
                0x10002470                MXC_FreeLock
 .text.MXC_GPIO_Common_Init
                0x1000247c       0x24 C:/MaximSDK/Libraries/PeriphDrivers/bin/MAX78000/spi-v1_softfp/libPeriphDriver_spi-v1_softfp.a(gpio_common.o)
                0x1000247c                MXC_GPIO_Common_Init
 .text.MXC_GPIO_Common_Handler
                0x100024a0       0x88 C:/MaximSDK/Libraries/PeriphDrivers/bin/MAX78000/spi-v1_softfp/libPeriphDriver_spi-v1_softfp.a(gpio_common.o)
                0x100024a0                MXC_GPIO_Common_Handler
 .text.MXC_GPIO_Common_GetConfigLock
                0x10002528        0xc C:/MaximSDK/Libraries/PeriphDrivers/bin/MAX78000/spi-v1_softfp/libPeriphDriver_spi-v1_softfp.a(gpio_common.o)
                0x10002528                MXC_GPIO_Common_GetConfigLock
 .text.__errno  0x10002534        0xc c:/maximsdk/tools/gnutools/10.3/bin/../lib/gcc/arm-none-eabi/10.3.1/../../../../arm-none-eabi/lib/thumb/v7e-m+fp/softfp\libc.a(lib_a-errno.o)
                0x10002534                __errno
 .text.__libc_init_array
                0x10002540       0x48 c:/maximsdk/tools/gnutools/10.3/bin/../lib/gcc/arm-none-eabi/10.3.1/../../../../arm-none-eabi/lib/thumb/v7e-m+fp/softfp\libc.a(lib_a-init.o)
                0x10002540                __libc_init_array
 .text.malloc   0x10002588       0x10 c:/maximsdk/tools/gnutools/10.3/bin/../lib/gcc/arm-none-eabi/10.3.1/../../../../arm-none-eabi/lib/thumb/v7e-m+fp/softfp\libc.a(lib_a-malloc.o)
                0x10002588                malloc
 .text.free     0x10002598       0x10 c:/maximsdk/tools/gnutools/10.3/bin/../lib/gcc/arm-none-eabi/10.3.1/../../../../arm-none-eabi/lib/thumb/v7e-m+fp/softfp\libc.a(lib_a-malloc.o)
                0x10002598                free
 .text._malloc_r
                0x100025a8      0x560 c:/maximsdk/tools/gnutools/10.3/bin/../lib/gcc/arm-none-eabi/10.3.1/../../../../arm-none-eabi/lib/thumb/v7e-m+fp/softfp\libc.a(lib_a-mallocr.o)
                0x100025a8                _malloc_r
 .text          0x10002b08      0x134 c:/maximsdk/tools/gnutools/10.3/bin/../lib/gcc/arm-none-eabi/10.3.1/../../../../arm-none-eabi/lib/thumb/v7e-m+fp/softfp\libc.a(lib_a-memcpy.o)
                0x10002b08                memcpy
 .text.memset   0x10002c3c       0xa4 c:/maximsdk/tools/gnutools/10.3/bin/../lib/gcc/arm-none-eabi/10.3.1/../../../../arm-none-eabi/lib/thumb/v7e-m+fp/softfp\libc.a(lib_a-memset.o)
                0x10002c3c                memset
 .text.__malloc_lock
                0x10002ce0        0xc c:/maximsdk/tools/gnutools/10.3/bin/../lib/gcc/arm-none-eabi/10.3.1/../../../../arm-none-eabi/lib/thumb/v7e-m+fp/softfp\libc.a(lib_a-mlock.o)
                0x10002ce0                __malloc_lock
 .text.__malloc_unlock
                0x10002cec        0xc c:/maximsdk/tools/gnutools/10.3/bin/../lib/gcc/arm-none-eabi/10.3.1/../../../../arm-none-eabi/lib/thumb/v7e-m+fp/softfp\libc.a(lib_a-mlock.o)
                0x10002cec                __malloc_unlock
 .text.printf   0x10002cf8       0x28 c:/maximsdk/tools/gnutools/10.3/bin/../lib/gcc/arm-none-eabi/10.3.1/../../../../arm-none-eabi/lib/thumb/v7e-m+fp/softfp\libc.a(lib_a-printf.o)
                0x10002cf8                printf
 .text._puts_r  0x10002d20       0x9c c:/maximsdk/tools/gnutools/10.3/bin/../lib/gcc/arm-none-eabi/10.3.1/../../../../arm-none-eabi/lib/thumb/v7e-m+fp/softfp\libc.a(lib_a-puts.o)
                0x10002d20                _puts_r
 .text.puts     0x10002dbc       0x10 c:/maximsdk/tools/gnutools/10.3/bin/../lib/gcc/arm-none-eabi/10.3.1/../../../../arm-none-eabi/lib/thumb/v7e-m+fp/softfp\libc.a(lib_a-puts.o)
                0x10002dbc                puts
 .text._sbrk_r  0x10002dcc       0x24 c:/maximsdk/tools/gnutools/10.3/bin/../lib/gcc/arm-none-eabi/10.3.1/../../../../arm-none-eabi/lib/thumb/v7e-m+fp/softfp\libc.a(lib_a-sbrkr.o)
                0x10002dcc                _sbrk_r
 *fill*         0x10002df0       0x10 
 .text          0x10002e00       0xdc c:/maximsdk/tools/gnutools/10.3/bin/../lib/gcc/arm-none-eabi/10.3.1/../../../../arm-none-eabi/lib/thumb/v7e-m+fp/softfp\libc.a(lib_a-strlen.o)
                0x10002e00                strlen
 .text.strncpy  0x10002edc       0x64 c:/maximsdk/tools/gnutools/10.3/bin/../lib/gcc/arm-none-eabi/10.3.1/../../../../arm-none-eabi/lib/thumb/v7e-m+fp/softfp\libc.a(lib_a-strncpy.o)
                0x10002edc                strncpy
 .text._vfprintf_r
                0x10002f40     0x1b8c c:/maximsdk/tools/gnutools/10.3/bin/../lib/gcc/arm-none-eabi/10.3.1/../../../../arm-none-eabi/lib/thumb/v7e-m+fp/softfp\libc.a(lib_a-vfprintf.o)
                0x10002f40                _vfprintf_r
 .text.__sbprintf
                0x10004acc       0x80 c:/maximsdk/tools/gnutools/10.3/bin/../lib/gcc/arm-none-eabi/10.3.1/../../../../arm-none-eabi/lib/thumb/v7e-m+fp/softfp\libc.a(lib_a-vfprintf.o)
 .text.__swsetup_r
                0x10004b4c       0xd4 c:/maximsdk/tools/gnutools/10.3/bin/../lib/gcc/arm-none-eabi/10.3.1/../../../../arm-none-eabi/lib/thumb/v7e-m+fp/softfp\libc.a(lib_a-wsetup.o)
                0x10004b4c                __swsetup_r
 .text.startup.register_fini
                0x10004c20       0x14 c:/maximsdk/tools/gnutools/10.3/bin/../lib/gcc/arm-none-eabi/10.3.1/../../../../arm-none-eabi/lib/thumb/v7e-m+fp/softfp\libc.a(lib_a-__call_atexit.o)
 .text.atexit   0x10004c34        0xc c:/maximsdk/tools/gnutools/10.3/bin/../lib/gcc/arm-none-eabi/10.3.1/../../../../arm-none-eabi/lib/thumb/v7e-m+fp/softfp\libc.a(lib_a-atexit.o)
                0x10004c34                atexit
 .text.quorem   0x10004c40      0x128 c:/maximsdk/tools/gnutools/10.3/bin/../lib/gcc/arm-none-eabi/10.3.1/../../../../arm-none-eabi/lib/thumb/v7e-m+fp/softfp\libc.a(lib_a-dtoa.o)
 .text._dtoa_r  0x10004d68      0xf34 c:/maximsdk/tools/gnutools/10.3/bin/../lib/gcc/arm-none-eabi/10.3.1/../../../../arm-none-eabi/lib/thumb/v7e-m+fp/softfp\libc.a(lib_a-dtoa.o)
                0x10004d68                _dtoa_r
 .text.__sflush_r
                0x10005c9c      0x130 c:/maximsdk/tools/gnutools/10.3/bin/../lib/gcc/arm-none-eabi/10.3.1/../../../../arm-none-eabi/lib/thumb/v7e-m+fp/softfp\libc.a(lib_a-fflush.o)
                0x10005c9c                __sflush_r
 .text._fflush_r
                0x10005dcc       0x5c c:/maximsdk/tools/gnutools/10.3/bin/../lib/gcc/arm-none-eabi/10.3.1/../../../../arm-none-eabi/lib/thumb/v7e-m+fp/softfp\libc.a(lib_a-fflush.o)
                0x10005dcc                _fflush_r
 .text._cleanup_r
                0x10005e28        0xc c:/maximsdk/tools/gnutools/10.3/bin/../lib/gcc/arm-none-eabi/10.3.1/../../../../arm-none-eabi/lib/thumb/v7e-m+fp/softfp\libc.a(lib_a-findfp.o)
                0x10005e28                _cleanup_r
 .text.__sinit  0x10005e34      0x10c c:/maximsdk/tools/gnutools/10.3/bin/../lib/gcc/arm-none-eabi/10.3.1/../../../../arm-none-eabi/lib/thumb/v7e-m+fp/softfp\libc.a(lib_a-findfp.o)
                0x10005e34                __sinit
 .text.__sfp_lock_acquire
                0x10005f40        0xc c:/maximsdk/tools/gnutools/10.3/bin/../lib/gcc/arm-none-eabi/10.3.1/../../../../arm-none-eabi/lib/thumb/v7e-m+fp/softfp\libc.a(lib_a-findfp.o)
                0x10005f40                __sfp_lock_acquire
 .text.__sfp_lock_release
                0x10005f4c        0xc c:/maximsdk/tools/gnutools/10.3/bin/../lib/gcc/arm-none-eabi/10.3.1/../../../../arm-none-eabi/lib/thumb/v7e-m+fp/softfp\libc.a(lib_a-findfp.o)
                0x10005f4c                __sfp_lock_release
 .text.__libc_fini_array
                0x10005f58       0x2c c:/maximsdk/tools/gnutools/10.3/bin/../lib/gcc/arm-none-eabi/10.3.1/../../../../arm-none-eabi/lib/thumb/v7e-m+fp/softfp\libc.a(lib_a-fini.o)
                0x10005f58                __libc_fini_array
 .text._malloc_trim_r
                0x10005f84       0xa0 c:/maximsdk/tools/gnutools/10.3/bin/../lib/gcc/arm-none-eabi/10.3.1/../../../../arm-none-eabi/lib/thumb/v7e-m+fp/softfp\libc.a(lib_a-freer.o)
                0x10005f84                _malloc_trim_r
 .text._free_r  0x10006024      0x20c c:/maximsdk/tools/gnutools/10.3/bin/../lib/gcc/arm-none-eabi/10.3.1/../../../../arm-none-eabi/lib/thumb/v7e-m+fp/softfp\libc.a(lib_a-freer.o)
                0x10006024                _free_r
 .text.__sfvwrite_r
                0x10006230      0x2f0 c:/maximsdk/tools/gnutools/10.3/bin/../lib/gcc/arm-none-eabi/10.3.1/../../../../arm-none-eabi/lib/thumb/v7e-m+fp/softfp\libc.a(lib_a-fvwrite.o)
                0x10006230                __sfvwrite_r
 .text._fwalk_reent
                0x10006520       0x48 c:/maximsdk/tools/gnutools/10.3/bin/../lib/gcc/arm-none-eabi/10.3.1/../../../../arm-none-eabi/lib/thumb/v7e-m+fp/softfp\libc.a(lib_a-fwalk.o)
                0x10006520                _fwalk_reent
 .text._localeconv_r
                0x10006568        0x8 c:/maximsdk/tools/gnutools/10.3/bin/../lib/gcc/arm-none-eabi/10.3.1/../../../../arm-none-eabi/lib/thumb/v7e-m+fp/softfp\libc.a(lib_a-localeconv.o)
                0x10006568                _localeconv_r
 .text.__retarget_lock_init_recursive
                0x10006570        0x4 c:/maximsdk/tools/gnutools/10.3/bin/../lib/gcc/arm-none-eabi/10.3.1/../../../../arm-none-eabi/lib/thumb/v7e-m+fp/softfp\libc.a(lib_a-lock.o)
                0x10006570                __retarget_lock_init_recursive
 .text.__retarget_lock_close_recursive
                0x10006574        0x4 c:/maximsdk/tools/gnutools/10.3/bin/../lib/gcc/arm-none-eabi/10.3.1/../../../../arm-none-eabi/lib/thumb/v7e-m+fp/softfp\libc.a(lib_a-lock.o)
                0x10006574                __retarget_lock_close_recursive
 .text.__retarget_lock_acquire_recursive
                0x10006578        0x4 c:/maximsdk/tools/gnutools/10.3/bin/../lib/gcc/arm-none-eabi/10.3.1/../../../../arm-none-eabi/lib/thumb/v7e-m+fp/softfp\libc.a(lib_a-lock.o)
                0x10006578                __retarget_lock_acquire_recursive
 .text.__retarget_lock_release_recursive
                0x1000657c        0x4 c:/maximsdk/tools/gnutools/10.3/bin/../lib/gcc/arm-none-eabi/10.3.1/../../../../arm-none-eabi/lib/thumb/v7e-m+fp/softfp\libc.a(lib_a-lock.o)
                0x1000657c                __retarget_lock_release_recursive
 .text.__smakebuf_r
                0x10006580       0xe0 c:/maximsdk/tools/gnutools/10.3/bin/../lib/gcc/arm-none-eabi/10.3.1/../../../../arm-none-eabi/lib/thumb/v7e-m+fp/softfp\libc.a(lib_a-makebuf.o)
                0x10006580                __smakebuf_r
 .text          0x10006660       0xa0 c:/maximsdk/tools/gnutools/10.3/bin/../lib/gcc/arm-none-eabi/10.3.1/../../../../arm-none-eabi/lib/thumb/v7e-m+fp/softfp\libc.a(lib_a-memchr.o)
                0x10006660                memchr
 .text.memmove  0x10006700       0xf8 c:/maximsdk/tools/gnutools/10.3/bin/../lib/gcc/arm-none-eabi/10.3.1/../../../../arm-none-eabi/lib/thumb/v7e-m+fp/softfp\libc.a(lib_a-memmove.o)
                0x10006700                memmove
 .text._Balloc  0x100067f8       0x4c c:/maximsdk/tools/gnutools/10.3/bin/../lib/gcc/arm-none-eabi/10.3.1/../../../../arm-none-eabi/lib/thumb/v7e-m+fp/softfp\libc.a(lib_a-mprec.o)
                0x100067f8                _Balloc
 .text._Bfree   0x10006844       0x14 c:/maximsdk/tools/gnutools/10.3/bin/../lib/gcc/arm-none-eabi/10.3.1/../../../../arm-none-eabi/lib/thumb/v7e-m+fp/softfp\libc.a(lib_a-mprec.o)
                0x10006844                _Bfree
 .text.__multadd
                0x10006858       0xa8 c:/maximsdk/tools/gnutools/10.3/bin/../lib/gcc/arm-none-eabi/10.3.1/../../../../arm-none-eabi/lib/thumb/v7e-m+fp/softfp\libc.a(lib_a-mprec.o)
                0x10006858                __multadd
 .text.__hi0bits
                0x10006900       0x40 c:/maximsdk/tools/gnutools/10.3/bin/../lib/gcc/arm-none-eabi/10.3.1/../../../../arm-none-eabi/lib/thumb/v7e-m+fp/softfp\libc.a(lib_a-mprec.o)
                0x10006900                __hi0bits
 .text.__lo0bits
                0x10006940       0x60 c:/maximsdk/tools/gnutools/10.3/bin/../lib/gcc/arm-none-eabi/10.3.1/../../../../arm-none-eabi/lib/thumb/v7e-m+fp/softfp\libc.a(lib_a-mprec.o)
                0x10006940                __lo0bits
 .text.__i2b    0x100069a0       0x5c c:/maximsdk/tools/gnutools/10.3/bin/../lib/gcc/arm-none-eabi/10.3.1/../../../../arm-none-eabi/lib/thumb/v7e-m+fp/softfp\libc.a(lib_a-mprec.o)
                0x100069a0                __i2b
 .text.__multiply
                0x100069fc      0x15c c:/maximsdk/tools/gnutools/10.3/bin/../lib/gcc/arm-none-eabi/10.3.1/../../../../arm-none-eabi/lib/thumb/v7e-m+fp/softfp\libc.a(lib_a-mprec.o)
                0x100069fc                __multiply
 .text.__pow5mult
                0x10006b58       0xc0 c:/maximsdk/tools/gnutools/10.3/bin/../lib/gcc/arm-none-eabi/10.3.1/../../../../arm-none-eabi/lib/thumb/v7e-m+fp/softfp\libc.a(lib_a-mprec.o)
                0x10006b58                __pow5mult
 .text.__lshift
                0x10006c18       0xf0 c:/maximsdk/tools/gnutools/10.3/bin/../lib/gcc/arm-none-eabi/10.3.1/../../../../arm-none-eabi/lib/thumb/v7e-m+fp/softfp\libc.a(lib_a-mprec.o)
                0x10006c18                __lshift
 .text.__mcmp   0x10006d08       0x44 c:/maximsdk/tools/gnutools/10.3/bin/../lib/gcc/arm-none-eabi/10.3.1/../../../../arm-none-eabi/lib/thumb/v7e-m+fp/softfp\libc.a(lib_a-mprec.o)
                0x10006d08                __mcmp
 .text.__mdiff  0x10006d4c      0x14c c:/maximsdk/tools/gnutools/10.3/bin/../lib/gcc/arm-none-eabi/10.3.1/../../../../arm-none-eabi/lib/thumb/v7e-m+fp/softfp\libc.a(lib_a-mprec.o)
                0x10006d4c                __mdiff
 .text.__d2b    0x10006e98       0xc4 c:/maximsdk/tools/gnutools/10.3/bin/../lib/gcc/arm-none-eabi/10.3.1/../../../../arm-none-eabi/lib/thumb/v7e-m+fp/softfp\libc.a(lib_a-mprec.o)
                0x10006e98                __d2b
 .text._realloc_r
                0x10006f5c      0x3d8 c:/maximsdk/tools/gnutools/10.3/bin/../lib/gcc/arm-none-eabi/10.3.1/../../../../arm-none-eabi/lib/thumb/v7e-m+fp/softfp\libc.a(lib_a-reallocr.o)
                0x10006f5c                _realloc_r
 .text.frexp    0x10007334       0x70 c:/maximsdk/tools/gnutools/10.3/bin/../lib/gcc/arm-none-eabi/10.3.1/../../../../arm-none-eabi/lib/thumb/v7e-m+fp/softfp\libc.a(lib_a-s_frexp.o)
                0x10007334                frexp
 .text.__sread  0x100073a4       0x24 c:/maximsdk/tools/gnutools/10.3/bin/../lib/gcc/arm-none-eabi/10.3.1/../../../../arm-none-eabi/lib/thumb/v7e-m+fp/softfp\libc.a(lib_a-stdio.o)
                0x100073a4                __sread
 .text.__swrite
                0x100073c8       0x40 c:/maximsdk/tools/gnutools/10.3/bin/../lib/gcc/arm-none-eabi/10.3.1/../../../../arm-none-eabi/lib/thumb/v7e-m+fp/softfp\libc.a(lib_a-stdio.o)
                0x100073c8                __swrite
 .text.__sseek  0x10007408       0x20 c:/maximsdk/tools/gnutools/10.3/bin/../lib/gcc/arm-none-eabi/10.3.1/../../../../arm-none-eabi/lib/thumb/v7e-m+fp/softfp\libc.a(lib_a-stdio.o)
                0x10007408                __sseek
 .text.__sclose
                0x10007428        0x8 c:/maximsdk/tools/gnutools/10.3/bin/../lib/gcc/arm-none-eabi/10.3.1/../../../../arm-none-eabi/lib/thumb/v7e-m+fp/softfp\libc.a(lib_a-stdio.o)
                0x10007428                __sclose
 .text.__sprint_r.part.0
                0x10007430       0x78 c:/maximsdk/tools/gnutools/10.3/bin/../lib/gcc/arm-none-eabi/10.3.1/../../../../arm-none-eabi/lib/thumb/v7e-m+fp/softfp\libc.a(lib_a-vfiprintf.o)
 .text.__sprint_r
                0x100074a8       0x18 c:/maximsdk/tools/gnutools/10.3/bin/../lib/gcc/arm-none-eabi/10.3.1/../../../../arm-none-eabi/lib/thumb/v7e-m+fp/softfp\libc.a(lib_a-vfiprintf.o)
                0x100074a8                __sprint_r
 .text._vfiprintf_r
                0x100074c0      0xdfc c:/maximsdk/tools/gnutools/10.3/bin/../lib/gcc/arm-none-eabi/10.3.1/../../../../arm-none-eabi/lib/thumb/v7e-m+fp/softfp\libc.a(lib_a-vfiprintf.o)
                0x100074c0                _vfiprintf_r
 .text.__sbprintf
                0x100082bc       0x80 c:/maximsdk/tools/gnutools/10.3/bin/../lib/gcc/arm-none-eabi/10.3.1/../../../../arm-none-eabi/lib/thumb/v7e-m+fp/softfp\libc.a(lib_a-vfiprintf.o)
 .text._write_r
                0x1000833c       0x2c c:/maximsdk/tools/gnutools/10.3/bin/../lib/gcc/arm-none-eabi/10.3.1/../../../../arm-none-eabi/lib/thumb/v7e-m+fp/softfp\libc.a(lib_a-writer.o)
                0x1000833c                _write_r
 .text.__register_exitproc
                0x10008368       0x8c c:/maximsdk/tools/gnutools/10.3/bin/../lib/gcc/arm-none-eabi/10.3.1/../../../../arm-none-eabi/lib/thumb/v7e-m+fp/softfp\libc.a(lib_a-__atexit.o)
                0x10008368                __register_exitproc
 .text.__assert_func
                0x100083f4       0x40 c:/maximsdk/tools/gnutools/10.3/bin/../lib/gcc/arm-none-eabi/10.3.1/../../../../arm-none-eabi/lib/thumb/v7e-m+fp/softfp\libc.a(lib_a-assert.o)
                0x100083f4                __assert_func
 .text._calloc_r
                0x10008434       0x78 c:/maximsdk/tools/gnutools/10.3/bin/../lib/gcc/arm-none-eabi/10.3.1/../../../../arm-none-eabi/lib/thumb/v7e-m+fp/softfp\libc.a(lib_a-callocr.o)
                0x10008434                _calloc_r
 .text._close_r
                0x100084ac       0x24 c:/maximsdk/tools/gnutools/10.3/bin/../lib/gcc/arm-none-eabi/10.3.1/../../../../arm-none-eabi/lib/thumb/v7e-m+fp/softfp\libc.a(lib_a-closer.o)
                0x100084ac                _close_r
 .text._fclose_r
                0x100084d0       0xcc c:/maximsdk/tools/gnutools/10.3/bin/../lib/gcc/arm-none-eabi/10.3.1/../../../../arm-none-eabi/lib/thumb/v7e-m+fp/softfp\libc.a(lib_a-fclose.o)
                0x100084d0                _fclose_r
 .text.fiprintf
                0x1000859c       0x28 c:/maximsdk/tools/gnutools/10.3/bin/../lib/gcc/arm-none-eabi/10.3.1/../../../../arm-none-eabi/lib/thumb/v7e-m+fp/softfp\libc.a(lib_a-fiprintf.o)
                0x1000859c                fiprintf
 .text.__fputwc
                0x100085c4       0xa8 c:/maximsdk/tools/gnutools/10.3/bin/../lib/gcc/arm-none-eabi/10.3.1/../../../../arm-none-eabi/lib/thumb/v7e-m+fp/softfp\libc.a(lib_a-fputwc.o)
                0x100085c4                __fputwc
 .text._fputwc_r
                0x1000866c       0x68 c:/maximsdk/tools/gnutools/10.3/bin/../lib/gcc/arm-none-eabi/10.3.1/../../../../arm-none-eabi/lib/thumb/v7e-m+fp/softfp\libc.a(lib_a-fputwc.o)
                0x1000866c                _fputwc_r
 .text._fstat_r
                0x100086d4       0x2c c:/maximsdk/tools/gnutools/10.3/bin/../lib/gcc/arm-none-eabi/10.3.1/../../../../arm-none-eabi/lib/thumb/v7e-m+fp/softfp\libc.a(lib_a-fstatr.o)
                0x100086d4                _fstat_r
 .text._isatty_r
                0x10008700       0x24 c:/maximsdk/tools/gnutools/10.3/bin/../lib/gcc/arm-none-eabi/10.3.1/../../../../arm-none-eabi/lib/thumb/v7e-m+fp/softfp\libc.a(lib_a-isattyr.o)
                0x10008700                _isatty_r
 .text.__locale_mb_cur_max
                0x10008724        0xc c:/maximsdk/tools/gnutools/10.3/bin/../lib/gcc/arm-none-eabi/10.3.1/../../../../arm-none-eabi/lib/thumb/v7e-m+fp/softfp\libc.a(lib_a-locale.o)
                0x10008724                __locale_mb_cur_max
 .text._lseek_r
                0x10008730       0x2c c:/maximsdk/tools/gnutools/10.3/bin/../lib/gcc/arm-none-eabi/10.3.1/../../../../arm-none-eabi/lib/thumb/v7e-m+fp/softfp\libc.a(lib_a-lseekr.o)
                0x10008730                _lseek_r
 .text.__ascii_mbtowc
                0x1000875c       0x2c c:/maximsdk/tools/gnutools/10.3/bin/../lib/gcc/arm-none-eabi/10.3.1/../../../../arm-none-eabi/lib/thumb/v7e-m+fp/softfp\libc.a(lib_a-mbtowc_r.o)
                0x1000875c                __ascii_mbtowc
 .text._read_r  0x10008788       0x2c c:/maximsdk/tools/gnutools/10.3/bin/../lib/gcc/arm-none-eabi/10.3.1/../../../../arm-none-eabi/lib/thumb/v7e-m+fp/softfp\libc.a(lib_a-readr.o)
                0x10008788                _read_r
 .text.__swbuf_r
                0x100087b4       0xb0 c:/maximsdk/tools/gnutools/10.3/bin/../lib/gcc/arm-none-eabi/10.3.1/../../../../arm-none-eabi/lib/thumb/v7e-m+fp/softfp\libc.a(lib_a-wbuf.o)
                0x100087b4                __swbuf_r
 .text._wcrtomb_r
                0x10008864       0x3c c:/maximsdk/tools/gnutools/10.3/bin/../lib/gcc/arm-none-eabi/10.3.1/../../../../arm-none-eabi/lib/thumb/v7e-m+fp/softfp\libc.a(lib_a-wcrtomb.o)
                0x10008864                _wcrtomb_r
 .text.__ascii_wctomb
                0x100088a0       0x1c c:/maximsdk/tools/gnutools/10.3/bin/../lib/gcc/arm-none-eabi/10.3.1/../../../../arm-none-eabi/lib/thumb/v7e-m+fp/softfp\libc.a(lib_a-wctomb_r.o)
                0x100088a0                __ascii_wctomb
 .text.abort    0x100088bc       0x10 c:/maximsdk/tools/gnutools/10.3/bin/../lib/gcc/arm-none-eabi/10.3.1/../../../../arm-none-eabi/lib/thumb/v7e-m+fp/softfp\libc.a(lib_a-abort.o)
                0x100088bc                abort
 .text.raise    0x100088cc       0x5c c:/maximsdk/tools/gnutools/10.3/bin/../lib/gcc/arm-none-eabi/10.3.1/../../../../arm-none-eabi/lib/thumb/v7e-m+fp/softfp\libc.a(lib_a-signal.o)
                0x100088cc                raise
 .text._kill_r  0x10008928       0x2c c:/maximsdk/tools/gnutools/10.3/bin/../lib/gcc/arm-none-eabi/10.3.1/../../../../arm-none-eabi/lib/thumb/v7e-m+fp/softfp\libc.a(lib_a-signalr.o)
                0x10008928                _kill_r
 .text._getpid_r
                0x10008954        0x4 c:/maximsdk/tools/gnutools/10.3/bin/../lib/gcc/arm-none-eabi/10.3.1/../../../../arm-none-eabi/lib/thumb/v7e-m+fp/softfp\libc.a(lib_a-signalr.o)
                0x10008954                _getpid_r
 .text._exit    0x10008958        0x4 c:/maximsdk/tools/gnutools/10.3/bin/../lib/gcc/arm-none-eabi/10.3.1/../../../../arm-none-eabi/lib/thumb/v7e-m+fp/softfp\libnosys.a(_exit.o)
                0x10008958                _exit
 .text          0x1000895c      0x378 c:/maximsdk/tools/gnutools/10.3/bin/../lib/gcc/arm-none-eabi/10.3.1/thumb/v7e-m+fp/softfp\libgcc.a(_arm_addsubdf3.o)
                0x1000895c                __aeabi_drsub
                0x10008964                __aeabi_dsub
                0x10008964                __subdf3
                0x10008968                __aeabi_dadd
                0x10008968                __adddf3
                0x10008be0                __floatunsidf
                0x10008be0                __aeabi_ui2d
                0x10008c00                __floatsidf
                0x10008c00                __aeabi_i2d
                0x10008c24                __aeabi_f2d
                0x10008c24                __extendsfdf2
                0x10008c68                __floatundidf
                0x10008c68                __aeabi_ul2d
                0x10008c78                __floatdidf
                0x10008c78                __aeabi_l2d
 .text          0x10008cd4      0x424 c:/maximsdk/tools/gnutools/10.3/bin/../lib/gcc/arm-none-eabi/10.3.1/thumb/v7e-m+fp/softfp\libgcc.a(_arm_muldivdf3.o)
                0x10008cd4                __aeabi_dmul
                0x10008cd4                __muldf3
                0x10008f28                __divdf3
                0x10008f28                __aeabi_ddiv
 .text          0x100090f8      0x110 c:/maximsdk/tools/gnutools/10.3/bin/../lib/gcc/arm-none-eabi/10.3.1/thumb/v7e-m+fp/softfp\libgcc.a(_arm_cmpdf2.o)
                0x100090f8                __gtdf2
                0x100090f8                __gedf2
                0x10009100                __ltdf2
                0x10009100                __ledf2
                0x10009108                __nedf2
                0x10009108                __eqdf2
                0x10009108                __cmpdf2
                0x10009184                __aeabi_cdrcmple
                0x10009194                __aeabi_cdcmpeq
                0x10009194                __aeabi_cdcmple
                0x100091a4                __aeabi_dcmpeq
                0x100091b8                __aeabi_dcmplt
                0x100091cc                __aeabi_dcmple
                0x100091e0                __aeabi_dcmpge
                0x100091f4                __aeabi_dcmpgt
 .text          0x10009208       0x2c c:/maximsdk/tools/gnutools/10.3/bin/../lib/gcc/arm-none-eabi/10.3.1/thumb/v7e-m+fp/softfp\libgcc.a(_arm_unorddf2.o)
                0x10009208                __unorddf2
                0x10009208                __aeabi_dcmpun
 .text          0x10009234       0x50 c:/maximsdk/tools/gnutools/10.3/bin/../lib/gcc/arm-none-eabi/10.3.1/thumb/v7e-m+fp/softfp\libgcc.a(_arm_fixdfsi.o)
                0x10009234                __aeabi_d2iz
                0x10009234                __fixdfsi
 .text          0x10009284       0x30 c:/maximsdk/tools/gnutools/10.3/bin/../lib/gcc/arm-none-eabi/10.3.1/thumb/v7e-m+fp/softfp\libgcc.a(_aeabi_uldivmod.o)
                0x10009284                __aeabi_uldivmod
 .text          0x100092b4      0x2d0 c:/maximsdk/tools/gnutools/10.3/bin/../lib/gcc/arm-none-eabi/10.3.1/thumb/v7e-m+fp/softfp\libgcc.a(_udivmoddi4.o)
                0x100092b4                __udivmoddi4
 .text          0x10009584        0x4 c:/maximsdk/tools/gnutools/10.3/bin/../lib/gcc/arm-none-eabi/10.3.1/thumb/v7e-m+fp/softfp\libgcc.a(_dvmd_tls.o)
                0x10009584                __aeabi_idiv0
                0x10009584                __aeabi_ldiv0
 *(.rodata*)
 .rodata.main.str1.4
                0x10009588      0x19d c:/MaximSDK/Examples/MAX78000/I2C_Sensor/build/main.o
 *fill*         0x10009725        0x3 
 .rodata        0x10009728       0x24 c:/MaximSDK/Examples/MAX78000/I2C_Sensor/build/main.o
 .rodata.mxc_assert.str1.4
                0x1000974c       0x19 c:/MaximSDK/Examples/MAX78000/I2C_Sensor/build/board.o
 *fill*         0x10009765        0x3 
 .rodata.Board_Init.str1.4
                0x10009768       0x45 c:/MaximSDK/Examples/MAX78000/I2C_Sensor/build/board.o
 *fill*         0x100097ad        0x3 
 .rodata        0x100097b0       0x54 c:/MaximSDK/Examples/MAX78000/I2C_Sensor/build/board.o
 .rodata.led_pin
                0x10009804       0x18 c:/MaximSDK/Examples/MAX78000/I2C_Sensor/build/board.o
                0x10009804                led_pin
 .rodata.num_leds
                0x1000981c        0x4 c:/MaximSDK/Examples/MAX78000/I2C_Sensor/build/board.o
                0x1000981c                num_leds
 .rodata.num_pbs
                0x10009820        0x4 c:/MaximSDK/Examples/MAX78000/I2C_Sensor/build/board.o
                0x10009820                num_pbs
 .rodata.pb_pin
                0x10009824       0x18 c:/MaximSDK/Examples/MAX78000/I2C_Sensor/build/board.o
                0x10009824                pb_pin
 .rodata.gpio_cfg_extclk
                0x1000983c        0xc C:/MaximSDK/Libraries/PeriphDrivers/bin/MAX78000/spi-v1_softfp/libPeriphDriver_spi-v1_softfp.a(pins_ai85.o)
                0x1000983c                gpio_cfg_extclk
 .rodata.gpio_cfg_i2c0
                0x10009848        0xc C:/MaximSDK/Libraries/PeriphDrivers/bin/MAX78000/spi-v1_softfp/libPeriphDriver_spi-v1_softfp.a(pins_ai85.o)
                0x10009848                gpio_cfg_i2c0
 .rodata.gpio_cfg_i2c1
                0x10009854        0xc C:/MaximSDK/Libraries/PeriphDrivers/bin/MAX78000/spi-v1_softfp/libPeriphDriver_spi-v1_softfp.a(pins_ai85.o)
                0x10009854                gpio_cfg_i2c1
 .rodata.gpio_cfg_i2c2
                0x10009860        0xc C:/MaximSDK/Libraries/PeriphDrivers/bin/MAX78000/spi-v1_softfp/libPeriphDriver_spi-v1_softfp.a(pins_ai85.o)
                0x10009860                gpio_cfg_i2c2
 .rodata.gpio_cfg_uart0
                0x1000986c        0xc C:/MaximSDK/Libraries/PeriphDrivers/bin/MAX78000/spi-v1_softfp/libPeriphDriver_spi-v1_softfp.a(pins_ai85.o)
                0x1000986c                gpio_cfg_uart0
 .rodata.gpio_cfg_uart1
                0x10009878        0xc C:/MaximSDK/Libraries/PeriphDrivers/bin/MAX78000/spi-v1_softfp/libPeriphDriver_spi-v1_softfp.a(pins_ai85.o)
                0x10009878                gpio_cfg_uart1
 .rodata.gpio_cfg_uart2
                0x10009884        0xc C:/MaximSDK/Libraries/PeriphDrivers/bin/MAX78000/spi-v1_softfp/libPeriphDriver_spi-v1_softfp.a(pins_ai85.o)
                0x10009884                gpio_cfg_uart2
 .rodata.gpio_cfg_uart3
                0x10009890        0xc C:/MaximSDK/Libraries/PeriphDrivers/bin/MAX78000/spi-v1_softfp/libPeriphDriver_spi-v1_softfp.a(pins_ai85.o)
                0x10009890                gpio_cfg_uart3
 .rodata.MXC_DMA_RevA_Init.str1.4
                0x1000989c       0x51 C:/MaximSDK/Libraries/PeriphDrivers/bin/MAX78000/spi-v1_softfp/libPeriphDriver_spi-v1_softfp.a(dma_reva.o)
 *fill*         0x100098ed        0x3 
 .rodata.MXC_UART_RevB_Init.str1.4
                0x100098f0       0x77 C:/MaximSDK/Libraries/PeriphDrivers/bin/MAX78000/spi-v1_softfp/libPeriphDriver_spi-v1_softfp.a(uart_revb.o)
 *fill*         0x10009967        0x1 
 .rodata.MXC_UART_RevB_SetClockSource.str1.4
                0x10009968       0x27 C:/MaximSDK/Libraries/PeriphDrivers/bin/MAX78000/spi-v1_softfp/libPeriphDriver_spi-v1_softfp.a(uart_revb.o)
 *fill*         0x1000998f        0x1 
 .rodata.MXC_GPIO_Common_Handler.str1.4
                0x10009990       0x66 C:/MaximSDK/Libraries/PeriphDrivers/bin/MAX78000/spi-v1_softfp/libPeriphDriver_spi-v1_softfp.a(gpio_common.o)
 *fill*         0x100099f6        0x2 
 .rodata._global_impure_ptr
                0x100099f8        0x4 c:/maximsdk/tools/gnutools/10.3/bin/../lib/gcc/arm-none-eabi/10.3.1/../../../../arm-none-eabi/lib/thumb/v7e-m+fp/softfp\libc.a(lib_a-impure.o)
                0x100099f8                _global_impure_ptr
 .rodata._puts_r.str1.4
                0x100099fc        0x2 c:/maximsdk/tools/gnutools/10.3/bin/../lib/gcc/arm-none-eabi/10.3.1/../../../../arm-none-eabi/lib/thumb/v7e-m+fp/softfp\libc.a(lib_a-puts.o)
 *fill*         0x100099fe        0x2 
 .rodata._vfprintf_r.str1.4
                0x10009a00       0x42 c:/maximsdk/tools/gnutools/10.3/bin/../lib/gcc/arm-none-eabi/10.3.1/../../../../arm-none-eabi/lib/thumb/v7e-m+fp/softfp\libc.a(lib_a-vfprintf.o)
 *fill*         0x10009a42        0x2 
 .rodata.blanks.1
                0x10009a44       0x10 c:/maximsdk/tools/gnutools/10.3/bin/../lib/gcc/arm-none-eabi/10.3.1/../../../../arm-none-eabi/lib/thumb/v7e-m+fp/softfp\libc.a(lib_a-vfprintf.o)
 .rodata.zeroes.0
                0x10009a54       0x10 c:/maximsdk/tools/gnutools/10.3/bin/../lib/gcc/arm-none-eabi/10.3.1/../../../../arm-none-eabi/lib/thumb/v7e-m+fp/softfp\libc.a(lib_a-vfprintf.o)
 .rodata._dtoa_r.str1.4
                0x10009a64       0xa2 c:/maximsdk/tools/gnutools/10.3/bin/../lib/gcc/arm-none-eabi/10.3.1/../../../../arm-none-eabi/lib/thumb/v7e-m+fp/softfp\libc.a(lib_a-dtoa.o)
                                 0xa6 (size before relaxing)
 *fill*         0x10009b06        0x2 
 .rodata.__multadd.str1.4
                0x10009b08       0x7f c:/maximsdk/tools/gnutools/10.3/bin/../lib/gcc/arm-none-eabi/10.3.1/../../../../arm-none-eabi/lib/thumb/v7e-m+fp/softfp\libc.a(lib_a-mprec.o)
                                 0x93 (size before relaxing)
 *fill*         0x10009b87        0x1 
 .rodata.__mprec_bigtens
                0x10009b88       0x28 c:/maximsdk/tools/gnutools/10.3/bin/../lib/gcc/arm-none-eabi/10.3.1/../../../../arm-none-eabi/lib/thumb/v7e-m+fp/softfp\libc.a(lib_a-mprec.o)
                0x10009b88                __mprec_bigtens
 .rodata.__mprec_tens
                0x10009bb0       0xc8 c:/maximsdk/tools/gnutools/10.3/bin/../lib/gcc/arm-none-eabi/10.3.1/../../../../arm-none-eabi/lib/thumb/v7e-m+fp/softfp\libc.a(lib_a-mprec.o)
                0x10009bb0                __mprec_tens
 .rodata.p05.0  0x10009c78        0xc c:/maximsdk/tools/gnutools/10.3/bin/../lib/gcc/arm-none-eabi/10.3.1/../../../../arm-none-eabi/lib/thumb/v7e-m+fp/softfp\libc.a(lib_a-mprec.o)
 .rodata._vfiprintf_r.str1.4
                0x10009c84       0x2f c:/maximsdk/tools/gnutools/10.3/bin/../lib/gcc/arm-none-eabi/10.3.1/../../../../arm-none-eabi/lib/thumb/v7e-m+fp/softfp\libc.a(lib_a-vfiprintf.o)
 .rodata.blanks.1
                0x10009c84       0x10 c:/maximsdk/tools/gnutools/10.3/bin/../lib/gcc/arm-none-eabi/10.3.1/../../../../arm-none-eabi/lib/thumb/v7e-m+fp/softfp\libc.a(lib_a-vfiprintf.o)
 .rodata.zeroes.0
                0x10009c94       0x10 c:/maximsdk/tools/gnutools/10.3/bin/../lib/gcc/arm-none-eabi/10.3.1/../../../../arm-none-eabi/lib/thumb/v7e-m+fp/softfp\libc.a(lib_a-vfiprintf.o)
 .rodata.__assert_func.str1.4
                0x10009ca4       0x3f c:/maximsdk/tools/gnutools/10.3/bin/../lib/gcc/arm-none-eabi/10.3.1/../../../../arm-none-eabi/lib/thumb/v7e-m+fp/softfp\libc.a(lib_a-assert.o)
                                 0x43 (size before relaxing)
 *fill*         0x10009ce3        0x1 
 .rodata._setlocale_r.str1.4
                0x10009ce4        0xa c:/maximsdk/tools/gnutools/10.3/bin/../lib/gcc/arm-none-eabi/10.3.1/../../../../arm-none-eabi/lib/thumb/v7e-m+fp/softfp\libc.a(lib_a-locale.o)
                                  0xd (size before relaxing)
 *fill*         0x10009cee        0x2 
 .rodata.str1.4
                0x10009cf0        0x2 c:/maximsdk/tools/gnutools/10.3/bin/../lib/gcc/arm-none-eabi/10.3.1/../../../../arm-none-eabi/lib/thumb/v7e-m+fp/softfp\libc.a(lib_a-locale.o)
 *fill*         0x10009cf2        0x2 
 .rodata._ctype_
                0x10009cf4      0x101 c:/maximsdk/tools/gnutools/10.3/bin/../lib/gcc/arm-none-eabi/10.3.1/../../../../arm-none-eabi/lib/thumb/v7e-m+fp/softfp\libc.a(lib_a-ctype_.o)
                0x10009cf4                _ctype_
 *(.init)
 *fill*         0x10009df5        0x3 
 .init          0x10009df8        0x4 c:/maximsdk/tools/gnutools/10.3/bin/../lib/gcc/arm-none-eabi/10.3.1/thumb/v7e-m+fp/softfp/crti.o
                0x10009df8                _init
 .init          0x10009dfc        0x8 c:/maximsdk/tools/gnutools/10.3/bin/../lib/gcc/arm-none-eabi/10.3.1/thumb/v7e-m+fp/softfp/crtn.o
 *(.fini)
 .fini          0x10009e04        0x4 c:/maximsdk/tools/gnutools/10.3/bin/../lib/gcc/arm-none-eabi/10.3.1/thumb/v7e-m+fp/softfp/crti.o
                0x10009e04                _fini
 .fini          0x10009e08        0x8 c:/maximsdk/tools/gnutools/10.3/bin/../lib/gcc/arm-none-eabi/10.3.1/thumb/v7e-m+fp/softfp/crtn.o
 *crtbegin.o(.ctors)
 *crtbegin?.o(.ctors)
 *(EXCLUDE_FILE(*crtend.o *crtend?.o) .ctors)
 *(SORT_BY_NAME(.ctors.*))
 *(.ctors)
 *crtbegin.o(.dtors)
 *crtbegin?.o(.dtors)
 *(EXCLUDE_FILE(*crtend.o *crtend?.o) .dtors)
 *(SORT_BY_NAME(.dtors.*))
 *(.dtors)
 *(.eh_frame*)
 .eh_frame      0x10009e10        0x0 c:/maximsdk/tools/gnutools/10.3/bin/../lib/gcc/arm-none-eabi/10.3.1/thumb/v7e-m+fp/softfp/crtbegin.o
 .eh_frame      0x10009e10        0x4 c:/maximsdk/tools/gnutools/10.3/bin/../lib/gcc/arm-none-eabi/10.3.1/thumb/v7e-m+fp/softfp/crtend.o
                0x10009e14                _etext = .

.glue_7         0x10009e14        0x0
 .glue_7        0x10009e14        0x0 linker stubs

.glue_7t        0x10009e14        0x0
 .glue_7t       0x10009e14        0x0 linker stubs

.vfp11_veneer   0x10009e14        0x0
 .vfp11_veneer  0x10009e14        0x0 linker stubs

.v4_bx          0x10009e14        0x0
 .v4_bx         0x10009e14        0x0 linker stubs

.iplt           0x10009e14        0x0
 .iplt          0x10009e14        0x0 c:/maximsdk/tools/gnutools/10.3/bin/../lib/gcc/arm-none-eabi/10.3.1/thumb/v7e-m+fp/softfp/crtbegin.o

.ARM.extab
 *(.ARM.extab* .gnu.linkonce.armextab.*)

.bin_storage    0x10009e14        0x0
 FILL mask 0xff
                0x10009e14                _bin_start_ = .
 *(.bin_storage_img)
                0x10009e14                _bin_end_ = .
                0x10009e14                . = ALIGN (0x4)

.rom_code       0x00000000        0x0
                0x00000000                . = ALIGN (0x10)
                0x20000000                _sran_code = .
 *(.rom_code_section)
                0x20000000                _esran_code = .

.flash_code     0x10009e14        0xc
                0x10009e20                . = ALIGN (0x10)
 *fill*         0x10009e14        0xc 
                0x20000000                _sran_code = .
 *(.flash_code_section)
                0x20000000                _esran_code = .

.sram_code      0x20000000        0x0
                0x20000000                . = ALIGN (0x10)
                0x20000000                _sran_code = .
 *(.sram_code_section)
                0x20000000                _esran_code = .

.ARM.exidx      0x10009e20        0x8
                0x10009e20                __exidx_start = .
 *(.ARM.exidx* .gnu.linkonce.armexidx.*)
 .ARM.exidx     0x10009e20        0x8 c:/maximsdk/tools/gnutools/10.3/bin/../lib/gcc/arm-none-eabi/10.3.1/thumb/v7e-m+fp/softfp\libgcc.a(_udivmoddi4.o)
                0x10009e28                __exidx_end = .

.rel.dyn        0x10009e28        0x0
 .rel.iplt      0x10009e28        0x0 c:/maximsdk/tools/gnutools/10.3/bin/../lib/gcc/arm-none-eabi/10.3.1/thumb/v7e-m+fp/softfp/crtbegin.o

.data           0x20000000      0xa24 load address 0x10009e28
                0x20000000                _data = ALIGN (., 0x4)
 *(vtable)
 *(.data*)
 .data.ConsoleUart
                0x20000000        0x4 c:/MaximSDK/Examples/MAX78000/I2C_Sensor/build/board.o
                0x20000000                ConsoleUart
 .data.overflows
                0x20000004        0x4 C:/MaximSDK/Libraries/PeriphDrivers/bin/MAX78000/spi-v1_softfp/libPeriphDriver_spi-v1_softfp.a(mxc_delay.o)
 .data.states   0x20000008       0x60 C:/MaximSDK/Libraries/PeriphDrivers/bin/MAX78000/spi-v1_softfp/libPeriphDriver_spi-v1_softfp.a(uart_revb.o)
 .data._impure_ptr
                0x20000068        0x4 c:/maximsdk/tools/gnutools/10.3/bin/../lib/gcc/arm-none-eabi/10.3.1/../../../../arm-none-eabi/lib/thumb/v7e-m+fp/softfp\libc.a(lib_a-impure.o)
                0x20000068                _impure_ptr
 *fill*         0x2000006c        0x4 
 .data.impure_data
                0x20000070      0x428 c:/maximsdk/tools/gnutools/10.3/bin/../lib/gcc/arm-none-eabi/10.3.1/../../../../arm-none-eabi/lib/thumb/v7e-m+fp/softfp\libc.a(lib_a-impure.o)
 .data.__malloc_av_
                0x20000498      0x408 c:/maximsdk/tools/gnutools/10.3/bin/../lib/gcc/arm-none-eabi/10.3.1/../../../../arm-none-eabi/lib/thumb/v7e-m+fp/softfp\libc.a(lib_a-mallocr.o)
                0x20000498                __malloc_av_
 .data.__malloc_sbrk_base
                0x200008a0        0x4 c:/maximsdk/tools/gnutools/10.3/bin/../lib/gcc/arm-none-eabi/10.3.1/../../../../arm-none-eabi/lib/thumb/v7e-m+fp/softfp\libc.a(lib_a-mallocr.o)
                0x200008a0                __malloc_sbrk_base
 .data.__malloc_trim_threshold
                0x200008a4        0x4 c:/maximsdk/tools/gnutools/10.3/bin/../lib/gcc/arm-none-eabi/10.3.1/../../../../arm-none-eabi/lib/thumb/v7e-m+fp/softfp\libc.a(lib_a-mallocr.o)
                0x200008a4                __malloc_trim_threshold
 .data.__atexit_recursive_mutex
                0x200008a8        0x4 c:/maximsdk/tools/gnutools/10.3/bin/../lib/gcc/arm-none-eabi/10.3.1/../../../../arm-none-eabi/lib/thumb/v7e-m+fp/softfp\libc.a(lib_a-__call_atexit.o)
                0x200008a8                __atexit_recursive_mutex
 .data.__global_locale
                0x200008ac      0x16c c:/maximsdk/tools/gnutools/10.3/bin/../lib/gcc/arm-none-eabi/10.3.1/../../../../arm-none-eabi/lib/thumb/v7e-m+fp/softfp\libc.a(lib_a-locale.o)
                0x200008ac                __global_locale
 *(.flashprog*)
                0x20000a18                . = ALIGN (0x4)
                0x20000a18                PROVIDE (__preinit_array_start = .)
 *(.preinit_array)
                0x20000a18                PROVIDE (__preinit_array_end = .)
                0x20000a18                . = ALIGN (0x4)
                0x20000a18                PROVIDE (__init_array_start = .)
 *(SORT_BY_NAME(.init_array.*))
 .init_array.00000
                0x20000a18        0x4 c:/maximsdk/tools/gnutools/10.3/bin/../lib/gcc/arm-none-eabi/10.3.1/../../../../arm-none-eabi/lib/thumb/v7e-m+fp/softfp\libc.a(lib_a-__call_atexit.o)
 *(.init_array)
 .init_array    0x20000a1c        0x4 c:/maximsdk/tools/gnutools/10.3/bin/../lib/gcc/arm-none-eabi/10.3.1/thumb/v7e-m+fp/softfp/crtbegin.o
                0x20000a20                PROVIDE (__init_array_end = .)
                0x20000a20                . = ALIGN (0x4)
                0x20000a20                PROVIDE (__fini_array_start = .)
 *(SORT_BY_NAME(.fini_array.*))
 *(.fini_array)
 .fini_array    0x20000a20        0x4 c:/maximsdk/tools/gnutools/10.3/bin/../lib/gcc/arm-none-eabi/10.3.1/thumb/v7e-m+fp/softfp/crtbegin.o
                0x20000a24                PROVIDE (__fini_array_end = .)
                0x20000a24                _edata = ALIGN (., 0x4)
                0x10009e28                __load_data = LOADADDR (.data)

.igot.plt       0x20000a24        0x0 load address 0x1000a84c
 .igot.plt      0x20000a24        0x0 c:/maximsdk/tools/gnutools/10.3/bin/../lib/gcc/arm-none-eabi/10.3.1/thumb/v7e-m+fp/softfp/crtbegin.o

.bss            0x20000a24      0x6d0 load address 0x1000a84c
                0x20000a24                . = ALIGN (0x4)
                0x20000a24                _bss = .
 *(.bss*)
 .bss           0x20000a24       0x1c c:/maximsdk/tools/gnutools/10.3/bin/../lib/gcc/arm-none-eabi/10.3.1/thumb/v7e-m+fp/softfp/crtbegin.o
 .bss.bioHub    0x20000a40       0x60 c:/MaximSDK/Examples/MAX78000/I2C_Sensor/build/main.o
                0x20000a40                bioHub
 .bss.g_pb_polarity
                0x20000aa0        0x4 c:/MaximSDK/Examples/MAX78000/I2C_Sensor/build/pb.o
 .bss.blen_pin  0x20000aa4        0xc c:/MaximSDK/Examples/MAX78000/I2C_Sensor/build/tft_ssd2119.o
 .bss.g_spi_gpio
                0x20000ab0        0xc c:/MaximSDK/Examples/MAX78000/I2C_Sensor/build/tft_ssd2119.o
 .bss.reset_pin
                0x20000abc        0xc c:/MaximSDK/Examples/MAX78000/I2C_Sensor/build/tft_ssd2119.o
 .bss.spi       0x20000ac8        0x4 c:/MaximSDK/Examples/MAX78000/I2C_Sensor/build/tft_ssd2119.o
 .bss.ssel      0x20000acc        0x4 c:/MaximSDK/Examples/MAX78000/I2C_Sensor/build/tft_ssd2119.o
 .bss.tft_spi_freq
                0x20000ad0        0x4 c:/MaximSDK/Examples/MAX78000/I2C_Sensor/build/tft_ssd2119.o
 .bss.busy_gpio
                0x20000ad4        0xc c:/MaximSDK/Examples/MAX78000/I2C_Sensor/build/tsc2046.o
 .bss.int_gpio  0x20000ae0        0xc c:/MaximSDK/Examples/MAX78000/I2C_Sensor/build/tsc2046.o
 .bss.heap_end  0x20000aec        0x4 c:/MaximSDK/Examples/MAX78000/I2C_Sensor/build/heap.o
 .bss.cbFunc    0x20000af0        0x4 C:/MaximSDK/Libraries/PeriphDrivers/bin/MAX78000/spi-v1_softfp/libPeriphDriver_spi-v1_softfp.a(mxc_delay.o)
 .bss.ctrl_save
                0x20000af4        0x4 C:/MaximSDK/Libraries/PeriphDrivers/bin/MAX78000/spi-v1_softfp/libPeriphDriver_spi-v1_softfp.a(mxc_delay.o)
 .bss.endtick   0x20000af8        0x4 C:/MaximSDK/Libraries/PeriphDrivers/bin/MAX78000/spi-v1_softfp/libPeriphDriver_spi-v1_softfp.a(mxc_delay.o)
 .bss.dma_initialized
                0x20000afc        0x4 C:/MaximSDK/Libraries/PeriphDrivers/bin/MAX78000/spi-v1_softfp/libPeriphDriver_spi-v1_softfp.a(dma_reva.o)
 .bss.dma_lock  0x20000b00        0x4 C:/MaximSDK/Libraries/PeriphDrivers/bin/MAX78000/spi-v1_softfp/libPeriphDriver_spi-v1_softfp.a(dma_reva.o)
 .bss.dma_resource
                0x20000b04      0x140 C:/MaximSDK/Libraries/PeriphDrivers/bin/MAX78000/spi-v1_softfp/libPeriphDriver_spi-v1_softfp.a(dma_reva.o)
 .bss.states    0x20000c44       0x60 C:/MaximSDK/Libraries/PeriphDrivers/bin/MAX78000/spi-v1_softfp/libPeriphDriver_spi-v1_softfp.a(i2c_reva.o)
 .bss.g_is_clock_locked
                0x20000ca4        0x4 C:/MaximSDK/Libraries/PeriphDrivers/bin/MAX78000/spi-v1_softfp/libPeriphDriver_spi-v1_softfp.a(uart_revb.o)
 .bss.callback  0x20000ca8      0x200 C:/MaximSDK/Libraries/PeriphDrivers/bin/MAX78000/spi-v1_softfp/libPeriphDriver_spi-v1_softfp.a(gpio_common.o)
 .bss.cbparam   0x20000ea8      0x200 C:/MaximSDK/Libraries/PeriphDrivers/bin/MAX78000/spi-v1_softfp/libPeriphDriver_spi-v1_softfp.a(gpio_common.o)
 .bss.cfg_lock  0x200010a8        0x1 C:/MaximSDK/Libraries/PeriphDrivers/bin/MAX78000/spi-v1_softfp/libPeriphDriver_spi-v1_softfp.a(gpio_common.o)
 .bss.initialized
                0x200010a9        0x1 C:/MaximSDK/Libraries/PeriphDrivers/bin/MAX78000/spi-v1_softfp/libPeriphDriver_spi-v1_softfp.a(gpio_common.o)
 *fill*         0x200010aa        0x2 
 .bss.__malloc_current_mallinfo
                0x200010ac       0x28 c:/maximsdk/tools/gnutools/10.3/bin/../lib/gcc/arm-none-eabi/10.3.1/../../../../arm-none-eabi/lib/thumb/v7e-m+fp/softfp\libc.a(lib_a-mallocr.o)
                0x200010ac                __malloc_current_mallinfo
 .bss.__malloc_max_sbrked_mem
                0x200010d4        0x4 c:/maximsdk/tools/gnutools/10.3/bin/../lib/gcc/arm-none-eabi/10.3.1/../../../../arm-none-eabi/lib/thumb/v7e-m+fp/softfp\libc.a(lib_a-mallocr.o)
                0x200010d4                __malloc_max_sbrked_mem
 .bss.__malloc_max_total_mem
                0x200010d8        0x4 c:/maximsdk/tools/gnutools/10.3/bin/../lib/gcc/arm-none-eabi/10.3.1/../../../../arm-none-eabi/lib/thumb/v7e-m+fp/softfp\libc.a(lib_a-mallocr.o)
                0x200010d8                __malloc_max_total_mem
 .bss.__malloc_top_pad
                0x200010dc        0x4 c:/maximsdk/tools/gnutools/10.3/bin/../lib/gcc/arm-none-eabi/10.3.1/../../../../arm-none-eabi/lib/thumb/v7e-m+fp/softfp\libc.a(lib_a-mallocr.o)
                0x200010dc                __malloc_top_pad
 .bss.__lock___atexit_recursive_mutex
                0x200010e0        0x1 c:/maximsdk/tools/gnutools/10.3/bin/../lib/gcc/arm-none-eabi/10.3.1/../../../../arm-none-eabi/lib/thumb/v7e-m+fp/softfp\libc.a(lib_a-lock.o)
                0x200010e0                __lock___atexit_recursive_mutex
 *fill*         0x200010e1        0x3 
 .bss.__lock___malloc_recursive_mutex
                0x200010e4        0x1 c:/maximsdk/tools/gnutools/10.3/bin/../lib/gcc/arm-none-eabi/10.3.1/../../../../arm-none-eabi/lib/thumb/v7e-m+fp/softfp\libc.a(lib_a-lock.o)
                0x200010e4                __lock___malloc_recursive_mutex
 *fill*         0x200010e5        0x3 
 .bss.__lock___sfp_recursive_mutex
                0x200010e8        0x1 c:/maximsdk/tools/gnutools/10.3/bin/../lib/gcc/arm-none-eabi/10.3.1/../../../../arm-none-eabi/lib/thumb/v7e-m+fp/softfp\libc.a(lib_a-lock.o)
                0x200010e8                __lock___sfp_recursive_mutex
 *fill*         0x200010e9        0x3 
 .bss.__lock___sinit_recursive_mutex
                0x200010ec        0x1 c:/maximsdk/tools/gnutools/10.3/bin/../lib/gcc/arm-none-eabi/10.3.1/../../../../arm-none-eabi/lib/thumb/v7e-m+fp/softfp\libc.a(lib_a-lock.o)
                0x200010ec                __lock___sinit_recursive_mutex
 *fill*         0x200010ed        0x3 
 .bss.errno     0x200010f0        0x4 c:/maximsdk/tools/gnutools/10.3/bin/../lib/gcc/arm-none-eabi/10.3.1/../../../../arm-none-eabi/lib/thumb/v7e-m+fp/softfp\libc.a(lib_a-reent.o)
                0x200010f0                errno
 *(COMMON)
                0x200010f4                _ebss = ALIGN (., 0x4)

.shared         0x200010f4        0x4 load address 0x1000a84c
                0x200010f4                . = ALIGN (0x4)
                0x200010f4                _shared = .
 *(.mailbox*)
                0x200010f4                . = ALIGN (0x4)
 *(.shared*)
 .shared        0x200010f4        0x4 c:/MaximSDK/Examples/MAX78000/I2C_Sensor/build/system_max78000.o
                0x200010f4                SystemCoreClock
                0x200010f8                _eshared = ALIGN (., 0x4)
                0x1000a84c                __shared_data = LOADADDR (.shared)
                0x20020000                __StackTop = (ORIGIN (SRAM) + LENGTH (SRAM))
                0x2001f000                __StackLimit = (__StackTop - SIZEOF (.stack_dummy))

.stack_dummy    0x200010f8     0x1000 load address 0x1000a850
 *(.stack*)
 .stack         0x200010f8     0x1000 c:/MaximSDK/Examples/MAX78000/I2C_Sensor/build/startup_max78000.o

.heap           0x200010f8      0xc00 load address 0x1000a850
                0x200010f8                . = ALIGN (0x4)
 *(.heap*)
 .heap          0x200010f8      0xc00 c:/MaximSDK/Examples/MAX78000/I2C_Sensor/build/startup_max78000.o
                0x200010f8                __HeapBase
                0x2001f000                __HeapLimit = ABSOLUTE (__StackLimit)
                0x20020000                PROVIDE (__stack = __StackTop)
                0x00000001                ASSERT ((__StackLimit >= _ebss), region RAM overflowed with stack)

.riscv_flash    0x1000a850      0x1b0
                0x1000a900                . = ALIGN (0x100)
 *fill*         0x1000a850       0xb0 
                0x1000aa00                . = (. + 0x100)
 *fill*         0x1000a900      0x100 
                0x1000aa00                _riscv_boot = .
 *riscv.o(.text*)
OUTPUT(c:/MaximSDK/Examples/MAX78000/I2C_Sensor/build/I2C_Sensor.elf elf32-littlearm)
LOAD linker stubs

.ARM.attributes
                0x00000000       0x2e
 .ARM.attributes
                0x00000000       0x1e c:/maximsdk/tools/gnutools/10.3/bin/../lib/gcc/arm-none-eabi/10.3.1/thumb/v7e-m+fp/softfp/crti.o
 .ARM.attributes
                0x0000001e       0x32 c:/maximsdk/tools/gnutools/10.3/bin/../lib/gcc/arm-none-eabi/10.3.1/thumb/v7e-m+fp/softfp/crtbegin.o
 .ARM.attributes
                0x00000050       0x32 c:/MaximSDK/Examples/MAX78000/I2C_Sensor/build/main.o
 .ARM.attributes
                0x00000082       0x32 c:/MaximSDK/Examples/MAX78000/I2C_Sensor/build/SparkFun_Bio_Sensor_Hub.o
 .ARM.attributes
                0x000000b4       0x32 c:/MaximSDK/Examples/MAX78000/I2C_Sensor/build/board.o
 .ARM.attributes
                0x000000e6       0x32 c:/MaximSDK/Examples/MAX78000/I2C_Sensor/build/stdio.o
 .ARM.attributes
                0x00000118       0x32 c:/MaximSDK/Examples/MAX78000/I2C_Sensor/build/led.o
 .ARM.attributes
                0x0000014a       0x32 c:/MaximSDK/Examples/MAX78000/I2C_Sensor/build/pb.o
 .ARM.attributes
                0x0000017c       0x32 c:/MaximSDK/Examples/MAX78000/I2C_Sensor/build/tft_ssd2119.o
 .ARM.attributes
                0x000001ae       0x32 c:/MaximSDK/Examples/MAX78000/I2C_Sensor/build/tsc2046.o
 .ARM.attributes
                0x000001e0       0x1b c:/MaximSDK/Examples/MAX78000/I2C_Sensor/build/startup_max78000.o
 .ARM.attributes
                0x000001fb       0x32 c:/MaximSDK/Examples/MAX78000/I2C_Sensor/build/heap.o
 .ARM.attributes
                0x0000022d       0x32 c:/MaximSDK/Examples/MAX78000/I2C_Sensor/build/system_max78000.o
 .ARM.attributes
                0x0000025f       0x32 C:/MaximSDK/Libraries/PeriphDrivers/bin/MAX78000/spi-v1_softfp/libPeriphDriver_spi-v1_softfp.a(mxc_delay.o)
 .ARM.attributes
                0x00000291       0x32 C:/MaximSDK/Libraries/PeriphDrivers/bin/MAX78000/spi-v1_softfp/libPeriphDriver_spi-v1_softfp.a(pins_ai85.o)
 .ARM.attributes
                0x000002c3       0x32 C:/MaximSDK/Libraries/PeriphDrivers/bin/MAX78000/spi-v1_softfp/libPeriphDriver_spi-v1_softfp.a(sys_ai85.o)
 .ARM.attributes
                0x000002f5       0x32 C:/MaximSDK/Libraries/PeriphDrivers/bin/MAX78000/spi-v1_softfp/libPeriphDriver_spi-v1_softfp.a(dma_me17.o)
 .ARM.attributes
                0x00000327       0x32 C:/MaximSDK/Libraries/PeriphDrivers/bin/MAX78000/spi-v1_softfp/libPeriphDriver_spi-v1_softfp.a(dma_reva.o)
 .ARM.attributes
                0x00000359       0x32 C:/MaximSDK/Libraries/PeriphDrivers/bin/MAX78000/spi-v1_softfp/libPeriphDriver_spi-v1_softfp.a(gpio_ai85.o)
 .ARM.attributes
                0x0000038b       0x32 C:/MaximSDK/Libraries/PeriphDrivers/bin/MAX78000/spi-v1_softfp/libPeriphDriver_spi-v1_softfp.a(gpio_reva.o)
 .ARM.attributes
                0x000003bd       0x32 C:/MaximSDK/Libraries/PeriphDrivers/bin/MAX78000/spi-v1_softfp/libPeriphDriver_spi-v1_softfp.a(i2c_me17.o)
 .ARM.attributes
                0x000003ef       0x32 C:/MaximSDK/Libraries/PeriphDrivers/bin/MAX78000/spi-v1_softfp/libPeriphDriver_spi-v1_softfp.a(i2c_reva.o)
 .ARM.attributes
                0x00000421       0x32 C:/MaximSDK/Libraries/PeriphDrivers/bin/MAX78000/spi-v1_softfp/libPeriphDriver_spi-v1_softfp.a(icc_me17.o)
 .ARM.attributes
                0x00000453       0x32 C:/MaximSDK/Libraries/PeriphDrivers/bin/MAX78000/spi-v1_softfp/libPeriphDriver_spi-v1_softfp.a(icc_reva.o)
 .ARM.attributes
                0x00000485       0x32 C:/MaximSDK/Libraries/PeriphDrivers/bin/MAX78000/spi-v1_softfp/libPeriphDriver_spi-v1_softfp.a(uart_ai85.o)
 .ARM.attributes
                0x000004b7       0x32 C:/MaximSDK/Libraries/PeriphDrivers/bin/MAX78000/spi-v1_softfp/libPeriphDriver_spi-v1_softfp.a(uart_common.o)
 .ARM.attributes
                0x000004e9       0x32 C:/MaximSDK/Libraries/PeriphDrivers/bin/MAX78000/spi-v1_softfp/libPeriphDriver_spi-v1_softfp.a(uart_revb.o)
 .ARM.attributes
                0x0000051b       0x32 C:/MaximSDK/Libraries/PeriphDrivers/bin/MAX78000/spi-v1_softfp/libPeriphDriver_spi-v1_softfp.a(mxc_lock.o)
 .ARM.attributes
                0x0000054d       0x32 C:/MaximSDK/Libraries/PeriphDrivers/bin/MAX78000/spi-v1_softfp/libPeriphDriver_spi-v1_softfp.a(gpio_common.o)
 .ARM.attributes
                0x0000057f       0x32 c:/maximsdk/tools/gnutools/10.3/bin/../lib/gcc/arm-none-eabi/10.3.1/../../../../arm-none-eabi/lib/thumb/v7e-m+fp/softfp\libc.a(lib_a-errno.o)
 .ARM.attributes
                0x000005b1       0x32 c:/maximsdk/tools/gnutools/10.3/bin/../lib/gcc/arm-none-eabi/10.3.1/../../../../arm-none-eabi/lib/thumb/v7e-m+fp/softfp\libc.a(lib_a-impure.o)
 .ARM.attributes
                0x000005e3       0x32 c:/maximsdk/tools/gnutools/10.3/bin/../lib/gcc/arm-none-eabi/10.3.1/../../../../arm-none-eabi/lib/thumb/v7e-m+fp/softfp\libc.a(lib_a-init.o)
 .ARM.attributes
                0x00000615       0x32 c:/maximsdk/tools/gnutools/10.3/bin/../lib/gcc/arm-none-eabi/10.3.1/../../../../arm-none-eabi/lib/thumb/v7e-m+fp/softfp\libc.a(lib_a-malloc.o)
 .ARM.attributes
                0x00000647       0x32 c:/maximsdk/tools/gnutools/10.3/bin/../lib/gcc/arm-none-eabi/10.3.1/../../../../arm-none-eabi/lib/thumb/v7e-m+fp/softfp\libc.a(lib_a-mallocr.o)
 .ARM.attributes
                0x00000679       0x1c c:/maximsdk/tools/gnutools/10.3/bin/../lib/gcc/arm-none-eabi/10.3.1/../../../../arm-none-eabi/lib/thumb/v7e-m+fp/softfp\libc.a(lib_a-memcpy.o)
 .ARM.attributes
                0x00000695       0x32 c:/maximsdk/tools/gnutools/10.3/bin/../lib/gcc/arm-none-eabi/10.3.1/../../../../arm-none-eabi/lib/thumb/v7e-m+fp/softfp\libc.a(lib_a-memset.o)
 .ARM.attributes
                0x000006c7       0x32 c:/maximsdk/tools/gnutools/10.3/bin/../lib/gcc/arm-none-eabi/10.3.1/../../../../arm-none-eabi/lib/thumb/v7e-m+fp/softfp\libc.a(lib_a-mlock.o)
 .ARM.attributes
                0x000006f9       0x32 c:/maximsdk/tools/gnutools/10.3/bin/../lib/gcc/arm-none-eabi/10.3.1/../../../../arm-none-eabi/lib/thumb/v7e-m+fp/softfp\libc.a(lib_a-printf.o)
 .ARM.attributes
                0x0000072b       0x32 c:/maximsdk/tools/gnutools/10.3/bin/../lib/gcc/arm-none-eabi/10.3.1/../../../../arm-none-eabi/lib/thumb/v7e-m+fp/softfp\libc.a(lib_a-puts.o)
 .ARM.attributes
                0x0000075d       0x32 c:/maximsdk/tools/gnutools/10.3/bin/../lib/gcc/arm-none-eabi/10.3.1/../../../../arm-none-eabi/lib/thumb/v7e-m+fp/softfp\libc.a(lib_a-sbrkr.o)
 .ARM.attributes
                0x0000078f       0x1c c:/maximsdk/tools/gnutools/10.3/bin/../lib/gcc/arm-none-eabi/10.3.1/../../../../arm-none-eabi/lib/thumb/v7e-m+fp/softfp\libc.a(lib_a-strlen.o)
 .ARM.attributes
                0x000007ab       0x32 c:/maximsdk/tools/gnutools/10.3/bin/../lib/gcc/arm-none-eabi/10.3.1/../../../../arm-none-eabi/lib/thumb/v7e-m+fp/softfp\libc.a(lib_a-strncpy.o)
 .ARM.attributes
                0x000007dd       0x32 c:/maximsdk/tools/gnutools/10.3/bin/../lib/gcc/arm-none-eabi/10.3.1/../../../../arm-none-eabi/lib/thumb/v7e-m+fp/softfp\libc.a(lib_a-vfprintf.o)
 .ARM.attributes
                0x0000080f       0x32 c:/maximsdk/tools/gnutools/10.3/bin/../lib/gcc/arm-none-eabi/10.3.1/../../../../arm-none-eabi/lib/thumb/v7e-m+fp/softfp\libc.a(lib_a-wsetup.o)
 .ARM.attributes
                0x00000841       0x32 c:/maximsdk/tools/gnutools/10.3/bin/../lib/gcc/arm-none-eabi/10.3.1/../../../../arm-none-eabi/lib/thumb/v7e-m+fp/softfp\libc.a(lib_a-__call_atexit.o)
 .ARM.attributes
                0x00000873       0x32 c:/maximsdk/tools/gnutools/10.3/bin/../lib/gcc/arm-none-eabi/10.3.1/../../../../arm-none-eabi/lib/thumb/v7e-m+fp/softfp\libc.a(lib_a-atexit.o)
 .ARM.attributes
                0x000008a5       0x32 c:/maximsdk/tools/gnutools/10.3/bin/../lib/gcc/arm-none-eabi/10.3.1/../../../../arm-none-eabi/lib/thumb/v7e-m+fp/softfp\libc.a(lib_a-dtoa.o)
 .ARM.attributes
                0x000008d7       0x32 c:/maximsdk/tools/gnutools/10.3/bin/../lib/gcc/arm-none-eabi/10.3.1/../../../../arm-none-eabi/lib/thumb/v7e-m+fp/softfp\libc.a(lib_a-fflush.o)
 .ARM.attributes